Archive member included to satisfy reference by file (symbol)

app/libapp.a(main.c.obj)      (--whole-archive)
zephyr/libzephyr.a(cbprintf_packaged.c.obj)
                              (--whole-archive)
zephyr/libzephyr.a(dec.c.obj)
                              (--whole-archive)
zephyr/libzephyr.a(fdtable.c.obj)
                              (--whole-archive)
zephyr/libzephyr.a(hex.c.obj)
                              (--whole-archive)
zephyr/libzephyr.a(printk.c.obj)
                              (--whole-archive)
zephyr/libzephyr.a(rb.c.obj)  (--whole-archive)
zephyr/libzephyr.a(sem.c.obj)
                              (--whole-archive)
zephyr/libzephyr.a(thread_entry.c.obj)
                              (--whole-archive)
zephyr/libzephyr.a(timeutil.c.obj)
                              (--whole-archive)
zephyr/libzephyr.a(heap.c.obj)
                              (--whole-archive)
zephyr/libzephyr.a(heap-validate.c.obj)
                              (--whole-archive)
zephyr/libzephyr.a(bitarray.c.obj)
                              (--whole-archive)
zephyr/libzephyr.a(multi_heap.c.obj)
                              (--whole-archive)
zephyr/libzephyr.a(onoff.c.obj)
                              (--whole-archive)
zephyr/libzephyr.a(notify.c.obj)
                              (--whole-archive)
zephyr/libzephyr.a(cbprintf_complete.c.obj)
                              (--whole-archive)
zephyr/libzephyr.a(assert.c.obj)
                              (--whole-archive)
zephyr/libzephyr.a(mpsc_pbuf.c.obj)
                              (--whole-archive)
zephyr/libzephyr.a(reboot.c.obj)
                              (--whole-archive)
zephyr/libzephyr.a(configs.c.obj)
                              (--whole-archive)
zephyr/libzephyr.a(soc.c.obj)
                              (--whole-archive)
zephyr/libzephyr.a(sync_rtc.c.obj)
                              (--whole-archive)
zephyr/libzephyr.a(soc_nrf_common.S.obj)
                              (--whole-archive)
zephyr/libzephyr.a(soc_secure.c.obj)
                              (--whole-archive)
zephyr/libzephyr.a(validate_base_addresses.c.obj)
                              (--whole-archive)
zephyr/libzephyr.a(validate_enabled_instances.c.obj)
                              (--whole-archive)
zephyr/libzephyr.a(ipc_service.c.obj)
                              (--whole-archive)
zephyr/libzephyr.a(ipc_rpmsg_static_vrings.c.obj)
                              (--whole-archive)
zephyr/libzephyr.a(ipc_rpmsg.c.obj)
                              (--whole-archive)
zephyr/libzephyr.a(ipc_static_vrings.c.obj)
                              (--whole-archive)
zephyr/libzephyr.a(log_core.c.obj)
                              (--whole-archive)
zephyr/libzephyr.a(log_mgmt.c.obj)
                              (--whole-archive)
zephyr/libzephyr.a(log_cache.c.obj)
                              (--whole-archive)
zephyr/libzephyr.a(log_msg.c.obj)
                              (--whole-archive)
zephyr/libzephyr.a(log_output.c.obj)
                              (--whole-archive)
zephyr/libzephyr.a(log_backend_uart.c.obj)
                              (--whole-archive)
zephyr/libzephyr.a(tracing_none.c.obj)
                              (--whole-archive)
zephyr/libzephyr.a(addr_utils.c.obj)
                              (--whole-archive)
zephyr/libzephyr.a(flash_map_partition_manager.c.obj)
                              (--whole-archive)
zephyr/libzephyr.a(utils.c.obj)
                              (--whole-archive)
zephyr/libzephyr.a(aes_decrypt.c.obj)
                              (--whole-archive)
zephyr/libzephyr.a(aes_encrypt.c.obj)
                              (--whole-archive)
zephyr/libzephyr.a(sha256.c.obj)
                              (--whole-archive)
zephyr/libzephyr.a(hmac.c.obj)
                              (--whole-archive)
zephyr/libzephyr.a(hmac_prng.c.obj)
                              (--whole-archive)
zephyr/arch/common/libarch__common.a(sw_isr_common.c.obj)
                              (--whole-archive)
zephyr/arch/arch/arm/core/aarch32/libarch__arm__core__aarch32.a(cpu_idle.S.obj)
                              (--whole-archive)
zephyr/arch/arch/arm/core/aarch32/libarch__arm__core__aarch32.a(fatal.c.obj)
                              (--whole-archive)
zephyr/arch/arch/arm/core/aarch32/libarch__arm__core__aarch32.a(irq_manage.c.obj)
                              (--whole-archive)
zephyr/arch/arch/arm/core/aarch32/libarch__arm__core__aarch32.a(nmi.c.obj)
                              (--whole-archive)
zephyr/arch/arch/arm/core/aarch32/libarch__arm__core__aarch32.a(nmi_on_reset.S.obj)
                              (--whole-archive)
zephyr/arch/arch/arm/core/aarch32/libarch__arm__core__aarch32.a(prep_c.c.obj)
                              (--whole-archive)
zephyr/arch/arch/arm/core/aarch32/libarch__arm__core__aarch32.a(swap.c.obj)
                              (--whole-archive)
zephyr/arch/arch/arm/core/aarch32/libarch__arm__core__aarch32.a(swap_helper.S.obj)
[...]
Memory Configuration

Name             Origin             Length             Attributes
FLASH            0x0000000000008000 0x00000000000f8000 xr
RAM              0x0000000020008000 0x0000000000068000 xw
IDT_LIST         0x00000000fffff7ff 0x0000000000000800 xw
*default*        0x0000000000000000 0xffffffffffffffff

Linker script and memory map

                0x0000000000011900                vfprintf = __i_vfprintf
                0x0000000000000000                vfscanf = __i_vfscanf
LOAD zephyr/CMakeFiles/zephyr_final.dir/misc/empty_file.c.obj
LOAD zephyr/CMakeFiles/zephyr_final.dir/isr_tables.c.obj
LOAD app/libapp.a
LOAD zephyr/libzephyr.a
LOAD zephyr/arch/common/libarch__common.a
LOAD zephyr/arch/arch/arm/core/aarch32/libarch__arm__core__aarch32.a
LOAD zephyr/arch/arch/arm/core/aarch32/cortex_m/libarch__arm__core__aarch32__cortex_m.a
LOAD zephyr/arch/arch/arm/core/aarch32/cortex_m/cmse/libarch__arm__core__aarch32__cortex_m__cmse.a
LOAD zephyr/arch/arch/arm/core/aarch32/mpu/libarch__arm__core__aarch32__mpu.a
LOAD zephyr/lib/libc/picolibc/liblib__libc__picolibc.a
LOAD zephyr/lib/libc/common/liblib__libc__common.a
LOAD zephyr/soc/soc/arm/common/cortex_m/libsoc__arm__common__cortex_m.a
LOAD zephyr/boards/boards/arm/nrf5340dk_nrf5340_cpuapp_ns/libboards__arm__nrf5340dk_nrf5340.a
LOAD zephyr/subsys/random/libsubsys__random.a
LOAD zephyr/subsys/bluetooth/common/libsubsys__bluetooth__common.a
LOAD zephyr/subsys/bluetooth/host/libsubsys__bluetooth__host.a
LOAD zephyr/subsys/net/libsubsys__net.a
LOAD zephyr/drivers/bluetooth/libdrivers__bluetooth.a
LOAD zephyr/drivers/clock_control/libdrivers__clock_control.a
LOAD zephyr/drivers/console/libdrivers__console.a
LOAD zephyr/drivers/entropy/libdrivers__entropy.a
LOAD zephyr/drivers/gpio/libdrivers__gpio.a
LOAD zephyr/drivers/mbox/libdrivers__mbox.a
LOAD zephyr/drivers/pinctrl/libdrivers__pinctrl.a
LOAD zephyr/drivers/serial/libdrivers__serial.a
LOAD zephyr/drivers/timer/libdrivers__timer.a
LOAD modules/nrf/lib/dk_buttons_and_leds/lib..__nrf__lib__dk_buttons_and_leds.a
LOAD modules/nrf/lib/fatal_error/lib..__nrf__lib__fatal_error.a
LOAD modules/nrf/subsys/nrf_security/src/zephyr/libmbedtls_zephyr.a
LOAD modules/nrf/modules/tfm/zephyr/libtfm_api_nrf.a
LOAD modules/trusted-firmware-m/libtfm_api.a
LOAD modules/hal_nordic/nrfx/libmodules__hal_nordic__nrfx.a
LOAD modules/libmetal/libmetal/lib/libmetal.a
LOAD modules/open-amp/open-amp/lib/libopen_amp.a
LOAD zephyr/kernel/libkernel.a
LOAD zephyr/CMakeFiles/offsets.dir/./arch/arm/core/offsets/offsets.c.obj
LOAD c:/ncs/toolchains/c57af46cb7/opt/zephyr-sdk/arm-zephyr-eabi/bin/../lib/gcc/arm-zephyr-eabi/12.2.0/thumb/v8-m.main/nofp\libgcc.a
LOAD zephyr/arch/common/libisr_tables.a
LOAD tfm/secure_fw/s_veneers.o
LOAD modules/nrf/subsys/nrf_security/src/libmbedcrypto.a
LOAD C:/ncs/v2.5.2/nrfxlib/crypto/nrf_oberon/lib/cortex-m33/soft-float/liboberon_mbedtls_3.0.13.a
LOAD modules/nrf/subsys/nrf_security/src/libmbedcrypto_base.a
LOAD C:/ncs/v2.5.2/nrfxlib/crypto/nrf_oberon/lib/cortex-m33/soft-float/liboberon_3.0.13.a
LOAD c:\ncs\toolchains\c57af46cb7\opt\zephyr-sdk\arm-zephyr-eabi\bin\../lib/gcc/../../picolibc/arm-zephyr-eabi/lib/thumb/v8-m.main/nofp\libc.a
LOAD c:/ncs/toolchains/c57af46cb7/opt/zephyr-sdk/arm-zephyr-eabi/bin/../lib/gcc/arm-zephyr-eabi/12.2.0/thumb/v8-m.main/nofp\libgcc.a
                0x0000000000000020                _region_min_align = 0x20

.rel.plt        0x0000000000008000        0x0
 *(SORT_BY_ALIGNMENT(.rel.plt))
                [!provide]                        PROVIDE (__rel_iplt_start = .)
 *(SORT_BY_ALIGNMENT(.rel.iplt))
 .rel.iplt      0x0000000000008000        0x0 zephyr/CMakeFiles/zephyr_final.dir/isr_tables.c.obj
                [!provide]                        PROVIDE (__rel_iplt_end = .)

.rela.plt       0x0000000000000000        0x0
 *(SORT_BY_ALIGNMENT(.rela.plt))
                [!provide]                        PROVIDE (__rela_iplt_start = .)
 *(SORT_BY_ALIGNMENT(.rela.iplt))
                [!provide]                        PROVIDE (__rela_iplt_end = .)

.rel.dyn
 *(SORT_BY_ALIGNMENT(.rel.*))

.rela.dyn
 *(SORT_BY_ALIGNMENT(.rela.*))

/DISCARD/
 *(SORT_BY_ALIGNMENT(.plt))

/DISCARD/
 *(SORT_BY_ALIGNMENT(.iplt))
                0x0000000000008000                __rom_region_start = 0x8000

rom_start       0x0000000000008000      0x154
                0x0000000000008000                __rom_start_address = .
                0x0000000000008000                . = (. + (0x0 - (. - __rom_start_address)))
                0x0000000000008000                . = ALIGN (0x4)
                0x0000000000008000                . = ALIGN (0x80)
                0x0000000000008000                . = ALIGN (0x200)
                0x0000000000008000                _vector_start = .
 *(SORT_BY_ALIGNMENT(.exc_vector_table))
 *(SORT_BY_ALIGNMENT(.exc_vector_table.*))
 .exc_vector_table._vector_table_section
                0x0000000000008000       0x40 zephyr/arch/arch/arm/core/aarch32/cortex_m/libarch__arm__core__aarch32__cortex_m.a(vector_table.S.obj)
                0x0000000000008000                _vector_table
 *(SORT_BY_ALIGNMENT(.vectors))
                0x0000000000008154                _vector_end = .
                0x0000000000008040                . = ALIGN (0x4)
 *(SORT_BY_ALIGNMENT(.gnu.linkonce.irq_vector_table*))
 .gnu.linkonce.irq_vector_table
                0x0000000000008040      0x114 zephyr/CMakeFiles/zephyr_final.dir/isr_tables.c.obj
                0x0000000000008040                _irq_vector_table
                0x0000000000008154                _vector_end = .

text            0x0000000000008154     0xd220
                0x0000000000008154                __text_region_start = .
 *(SORT_BY_ALIGNMENT(.text))
 .text          0x0000000000008154       0x30 c:/ncs/toolchains/c57af46cb7/opt/zephyr-sdk/arm-zephyr-eabi/bin/../lib/gcc/arm-zephyr-eabi/12.2.0/thumb/v8-m.main/nofp\libgcc.a(_aeabi_uldivmod.o)
                0x0000000000008154                __aeabi_uldivmod
 .text          0x0000000000008184        0x4 c:/ncs/toolchains/c57af46cb7/opt/zephyr-sdk/arm-zephyr-eabi/bin/../lib/gcc/arm-zephyr-eabi/12.2.0/thumb/v8-m.main/nofp\libgcc.a(_dvmd_tls.o)
                0x0000000000008184                __aeabi_idiv0
                0x0000000000008184                __aeabi_ldiv0
 .text          0x0000000000008188      0x29c c:/ncs/toolchains/c57af46cb7/opt/zephyr-sdk/arm-zephyr-eabi/bin/../lib/gcc/arm-zephyr-eabi/12.2.0/thumb/v8-m.main/nofp\libgcc.a(_udivmoddi4.o)
                0x0000000000008188                __udivmoddi4
 .text          0x0000000000008424       0x14 c:\ncs\toolchains\c57af46cb7\opt\zephyr-sdk\arm-zephyr-eabi\bin\../lib/gcc/../../picolibc/arm-zephyr-eabi/lib/thumb/v8-m.main/nofp\libc.a(strcmp.S.o)
                0x0000000000008424                strcmp
 .text          0x0000000000008438       0x10 c:\ncs\toolchains\c57af46cb7\opt\zephyr-sdk\arm-zephyr-eabi\bin\../lib/gcc/../../picolibc/arm-zephyr-eabi/lib/thumb/v8-m.main/nofp\libc.a(strcpy.S.o)
                0x0000000000008438                strcpy
 .text          0x0000000000008448       0x10 c:\ncs\toolchains\c57af46cb7\opt\zephyr-sdk\arm-zephyr-eabi\bin\../lib/gcc/../../picolibc/arm-zephyr-eabi/lib/thumb/v8-m.main/nofp\libc.a(strlen.S.o)
                0x0000000000008448                strlen
 *(SORT_BY_ALIGNMENT(.text.*))
 .text.button_changed
                0x0000000000008458       0x28 app/libapp.a(main.c.obj)
 .text.main     0x0000000000008480      0x124 app/libapp.a(main.c.obj)
                0x0000000000008480                main
 .text.cbvprintf_package
                0x00000000000085a4      0x3a4 zephyr/libzephyr.a(cbprintf_packaged.c.obj)
                0x00000000000085a4                cbvprintf_package
 .text.cbprintf_package_convert
                0x0000000000008948      0x3b4 zephyr/libzephyr.a(cbprintf_packaged.c.obj)
                0x0000000000008948                cbprintf_package_convert
 .text.__printk_hook_install
                0x0000000000008cfc        0xc zephyr/libzephyr.a(printk.c.obj)
                0x0000000000008cfc                __printk_hook_install
 .text.z_thread_entry
                0x0000000000008d08       0x34 zephyr/libzephyr.a(thread_entry.c.obj)
                0x0000000000008d08                z_thread_entry
 .text.process_event
                0x0000000000008d3c      0x21c zephyr/libzephyr.a(onoff.c.obj)
 .text.rtc_pretick_init
                0x0000000000008f58       0x60 zephyr/libzephyr.a(soc.c.obj)
 .text.z_arm_on_enter_cpu_idle
                0x0000000000008fb8       0x68 zephyr/libzephyr.a(soc.c.obj)
                0x0000000000008fb8                z_arm_on_enter_cpu_idle
 .text.arch_busy_wait
                0x0000000000009020       0x24 zephyr/libzephyr.a(soc.c.obj)
                0x0000000000009020                arch_busy_wait
 .text.rtc_cb   0x0000000000009044       0x40 zephyr/libzephyr.a(sync_rtc.c.obj)
 .text.sync_rtc_setup
                0x0000000000009084       0xc8 zephyr/libzephyr.a(sync_rtc.c.obj)
 .text.mbox_callback
                0x000000000000914c       0x80 zephyr/libzephyr.a(sync_rtc.c.obj)
 .text.z_arm_platform_init
                0x00000000000091cc        0x4 zephyr/libzephyr.a(soc_nrf_common.S.obj)
                0x00000000000091cc                z_arm_platform_init
 .text.ipc_service_open_instance
                0x00000000000091d0       0x5c zephyr/libzephyr.a(ipc_service.c.obj)
                0x00000000000091d0                ipc_service_open_instance
 .text.ipc_service_register_endpoint
                0x000000000000922c       0x64 zephyr/libzephyr.a(ipc_service.c.obj)
                0x000000000000922c                ipc_service_register_endpoint
 .text.ipc_service_send
                0x0000000000009290       0x84 zephyr/libzephyr.a(ipc_service.c.obj)
                0x0000000000009290                ipc_service_send
 .text.shared_memory_prepare
                0x0000000000009314        0xc zephyr/libzephyr.a(ipc_rpmsg_static_vrings.c.obj)
 .text.advertise_ept
                0x0000000000009320       0x44 zephyr/libzephyr.a(ipc_rpmsg_static_vrings.c.obj)
 .text.get_ept  0x0000000000009364       0x28 zephyr/libzephyr.a(ipc_rpmsg_static_vrings.c.obj)
 .text.open     0x000000000000938c      0x1b0 zephyr/libzephyr.a(ipc_rpmsg_static_vrings.c.obj)
 .text.bound_cb
                0x000000000000953c       0x30 zephyr/libzephyr.a(ipc_rpmsg_static_vrings.c.obj)
 .text.send     0x000000000000956c       0x4c zephyr/libzephyr.a(ipc_rpmsg_static_vrings.c.obj)
 .text.register_ept
                0x00000000000095b8       0xe0 zephyr/libzephyr.a(ipc_rpmsg_static_vrings.c.obj)
 .text.ns_bind_cb
                0x0000000000009698       0x6c zephyr/libzephyr.a(ipc_rpmsg.c.obj)
 .text.ipc_rpmsg_register_ept
                0x0000000000009704       0x3c zephyr/libzephyr.a(ipc_rpmsg.c.obj)
                0x0000000000009704                ipc_rpmsg_register_ept
 .text.ipc_rpmsg_init
                0x0000000000009740       0x70 zephyr/libzephyr.a(ipc_rpmsg.c.obj)
                0x0000000000009740                ipc_rpmsg_init
 .text.ipc_static_vrings_init
                0x00000000000097b0      0x104 zephyr/libzephyr.a(ipc_static_vrings.c.obj)
                0x00000000000097b0                ipc_static_vrings_init
 .text.activate_foreach_backend
                0x00000000000098b4       0x64 zephyr/libzephyr.a(log_core.c.obj)
 .text.enable_logger
                0x0000000000009918       0x5c zephyr/libzephyr.a(log_core.c.obj)
 .text.log_process_thread_timer_expiry_fn
                0x0000000000009974        0xc zephyr/libzephyr.a(log_core.c.obj)
 .text.z_log_init
                0x0000000000009980       0x90 zephyr/libzephyr.a(log_core.c.obj)
 .text.log_format_func_t_get
                0x0000000000009a10        0xc zephyr/libzephyr.a(log_core.c.obj)
                0x0000000000009a10                log_format_func_t_get
 .text.log_set_timestamp_func
                0x0000000000009a1c       0x20 zephyr/libzephyr.a(log_core.c.obj)
                0x0000000000009a1c                log_set_timestamp_func
 .text.z_log_notify_backend_enabled
                0x0000000000009a3c       0x1c zephyr/libzephyr.a(log_core.c.obj)
                0x0000000000009a3c                z_log_notify_backend_enabled
 .text.z_log_dropped
                0x0000000000009a58       0x28 zephyr/libzephyr.a(log_core.c.obj)
                0x0000000000009a58                z_log_dropped
 .text.z_log_dropped_read_and_clear
                0x0000000000009a80       0x18 zephyr/libzephyr.a(log_core.c.obj)
                0x0000000000009a80                z_log_dropped_read_and_clear
 .text.dropped_notify
                0x0000000000009a98       0x30 zephyr/libzephyr.a(log_core.c.obj)
                0x0000000000009a98                dropped_notify
 .text.z_log_msg_init
                0x0000000000009ac8       0x20 zephyr/libzephyr.a(log_core.c.obj)
                0x0000000000009ac8                z_log_msg_init
 .text.log_core_init
                0x0000000000009ae8       0x34 zephyr/libzephyr.a(log_core.c.obj)
                0x0000000000009ae8                log_core_init
 .text.z_log_msg_alloc
                0x0000000000009b1c       0x10 zephyr/libzephyr.a(log_core.c.obj)
                0x0000000000009b1c                z_log_msg_alloc
 .text.z_log_msg_local_claim
                0x0000000000009b2c        0xc zephyr/libzephyr.a(log_core.c.obj)
                0x0000000000009b2c                z_log_msg_local_claim
 .text.z_log_msg_free
                0x0000000000009b38       0x10 zephyr/libzephyr.a(log_core.c.obj)
                0x0000000000009b38                z_log_msg_free
 .text.z_log_msg_pending
                0x0000000000009b48        0xc zephyr/libzephyr.a(log_core.c.obj)
                0x0000000000009b48                z_log_msg_pending
 .text.z_impl_log_process
                0x0000000000009b54       0xb4 zephyr/libzephyr.a(log_core.c.obj)
                0x0000000000009b54                z_impl_log_process
 .text.z_impl_log_panic
                0x0000000000009c08       0x44 zephyr/libzephyr.a(log_core.c.obj)
                0x0000000000009c08                z_impl_log_panic
 .text.log_process_thread_func
                0x0000000000009c4c       0xa4 zephyr/libzephyr.a(log_core.c.obj)
 .text.z_log_msg_post_finalize
                0x0000000000009cf0       0x78 zephyr/libzephyr.a(log_core.c.obj)
 .text.z_log_msg_commit
                0x0000000000009d68       0x24 zephyr/libzephyr.a(log_core.c.obj)
                0x0000000000009d68                z_log_msg_commit
 .text.log_source_name_get
                0x0000000000009d8c       0x1c zephyr/libzephyr.a(log_mgmt.c.obj)
                0x0000000000009d8c                log_source_name_get
 .text.log_backend_enable
                0x0000000000009da8       0x28 zephyr/libzephyr.a(log_mgmt.c.obj)
                0x0000000000009da8                log_backend_enable
 .text.z_impl_z_log_msg_static_create
                0x0000000000009dd0      0x108 zephyr/libzephyr.a(log_msg.c.obj)
                0x0000000000009dd0                z_impl_z_log_msg_static_create
 .text.z_impl_z_log_msg_runtime_vcreate
                0x0000000000009ed8       0x8c zephyr/libzephyr.a(log_msg.c.obj)
                0x0000000000009ed8                z_impl_z_log_msg_runtime_vcreate
 .text.print_formatted
                0x0000000000009f64       0x24 zephyr/libzephyr.a(log_output.c.obj)
 .text.newline_print
                0x0000000000009f88       0x1c zephyr/libzephyr.a(log_output.c.obj)
 .text.log_output_process
                0x0000000000009fa4      0x2a8 zephyr/libzephyr.a(log_output.c.obj)
                0x0000000000009fa4                log_output_process
 .text.log_output_msg_process
                0x000000000000a24c       0x70 zephyr/libzephyr.a(log_output.c.obj)
                0x000000000000a24c                log_output_msg_process
 .text.log_output_dropped_process
                0x000000000000a2bc       0x58 zephyr/libzephyr.a(log_output.c.obj)
                0x000000000000a2bc                log_output_dropped_process
 .text.log_output_timestamp_freq_set
                0x000000000000a314       0x2c zephyr/libzephyr.a(log_output.c.obj)
                0x000000000000a314                log_output_timestamp_freq_set
 .text.format_set
                0x000000000000a340        0xc zephyr/libzephyr.a(log_backend_uart.c.obj)
 .text.panic    0x000000000000a34c       0x14 zephyr/libzephyr.a(log_backend_uart.c.obj)
 .text.dropped  0x000000000000a360        0xc zephyr/libzephyr.a(log_backend_uart.c.obj)
 .text.process  0x000000000000a36c       0x24 zephyr/libzephyr.a(log_backend_uart.c.obj)
 .text.char_out
                0x000000000000a390       0x24 zephyr/libzephyr.a(log_backend_uart.c.obj)
 .text.compress
                0x000000000000a3b4      0x1d4 zephyr/libzephyr.a(sha256.c.obj)
 .text.tc_sha256_init
                0x000000000000a588       0x58 zephyr/libzephyr.a(sha256.c.obj)
                0x000000000000a588                tc_sha256_init
 .text.z_arm_cpu_idle_init
                0x000000000000a5e0        0xc zephyr/arch/arch/arm/core/aarch32/libarch__arm__core__aarch32.a(cpu_idle.S.obj)
                0x000000000000a5e0                z_arm_cpu_idle_init
 .text.arch_cpu_idle
                0x000000000000a5ec       0x38 zephyr/arch/arch/arm/core/aarch32/libarch__arm__core__aarch32.a(cpu_idle.S.obj)
                0x000000000000a5ec                arch_cpu_idle
 .text.arch_cpu_atomic_idle
                0x000000000000a624       0x34 zephyr/arch/arch/arm/core/aarch32/libarch__arm__core__aarch32.a(cpu_idle.S.obj)
                0x000000000000a624                arch_cpu_atomic_idle
 .text.z_arm_fatal_error
                0x000000000000a658       0xcc zephyr/arch/arch/arm/core/aarch32/libarch__arm__core__aarch32.a(fatal.c.obj)
                0x000000000000a658                z_arm_fatal_error
 .text.arch_irq_enable
                0x000000000000a724       0x1c zephyr/arch/arch/arm/core/aarch32/libarch__arm__core__aarch32.a(irq_manage.c.obj)
                0x000000000000a724                arch_irq_enable
 .text.arch_irq_disable
                0x000000000000a740       0x28 zephyr/arch/arch/arm/core/aarch32/libarch__arm__core__aarch32.a(irq_manage.c.obj)
                0x000000000000a740                arch_irq_disable
 .text.arch_irq_is_enabled
                0x000000000000a768       0x1c zephyr/arch/arch/arm/core/aarch32/libarch__arm__core__aarch32.a(irq_manage.c.obj)
                0x000000000000a768                arch_irq_is_enabled
 .text.z_arm_irq_priority_set
                0x000000000000a784       0x2c zephyr/arch/arch/arm/core/aarch32/libarch__arm__core__aarch32.a(irq_manage.c.obj)
                0x000000000000a784                z_arm_irq_priority_set
 .text.z_SysNmiOnReset
                0x000000000000a7b0        0x8 zephyr/arch/arch/arm/core/aarch32/libarch__arm__core__aarch32.a(nmi_on_reset.S.obj)
                0x000000000000a7b0                z_SysNmiOnReset
 .text.z_arm_prep_c
                0x000000000000a7b8       0x38 zephyr/arch/arch/arm/core/aarch32/libarch__arm__core__aarch32.a(prep_c.c.obj)
                0x000000000000a7b8                z_arm_prep_c
 .text.arch_swap
                0x000000000000a7f0       0x34 zephyr/arch/arch/arm/core/aarch32/libarch__arm__core__aarch32.a(swap.c.obj)
                0x000000000000a7f0                arch_swap
 .text.z_arm_pendsv
                0x000000000000a824       0x70 zephyr/arch/arch/arm/core/aarch32/libarch__arm__core__aarch32.a(swap_helper.S.obj)
                0x000000000000a824                z_arm_pendsv
 .text.z_arm_svc
                0x000000000000a894       0x20 zephyr/arch/arch/arm/core/aarch32/libarch__arm__core__aarch32.a(swap_helper.S.obj)
                0x000000000000a894                z_arm_svc
 .text.arch_new_thread
                0x000000000000a8b4       0x40 zephyr/arch/arch/arm/core/aarch32/libarch__arm__core__aarch32.a(thread.c.obj)
                0x000000000000a8b4                arch_new_thread
 .text.arch_switch_to_main_thread
                0x000000000000a8f4       0x34 zephyr/arch/arch/arm/core/aarch32/libarch__arm__core__aarch32.a(thread.c.obj)
                0x000000000000a8f4                arch_switch_to_main_thread
 .text._isr_wrapper
                0x000000000000a928       0x28 zephyr/arch/arch/arm/core/aarch32/libarch__arm__core__aarch32.a(isr_wrapper.S.obj)
                0x000000000000a928                _isr_wrapper
 .text.arch_tls_stack_setup
                0x000000000000a950       0x5c zephyr/arch/arch/arm/core/aarch32/libarch__arm__core__aarch32.a(tls.c.obj)
                0x000000000000a950                arch_tls_stack_setup
 .text._HandlerModeExit
                0x000000000000a9ac       0x1c zephyr/arch/arch/arm/core/aarch32/cortex_m/libarch__arm__core__aarch32__cortex_m.a(exc_exit.S.obj)
                0x000000000000a9ac                z_arm_int_exit
                0x000000000000a9ac                z_arm_exc_exit
 .text.mem_manage_fault.constprop.0
                0x000000000000a9c8      0x144 zephyr/arch/arch/arm/core/aarch32/cortex_m/libarch__arm__core__aarch32__cortex_m.a(fault.c.obj)
 .text.bus_fault.constprop.0
                0x000000000000ab0c      0x154 zephyr/arch/arch/arm/core/aarch32/cortex_m/libarch__arm__core__aarch32__cortex_m.a(fault.c.obj)
 .text.usage_fault.constprop.0
                0x000000000000ac60      0x128 zephyr/arch/arch/arm/core/aarch32/cortex_m/libarch__arm__core__aarch32__cortex_m.a(fault.c.obj)
 .text.z_arm_fault
                0x000000000000ad88      0x230 zephyr/arch/arch/arm/core/aarch32/cortex_m/libarch__arm__core__aarch32__cortex_m.a(fault.c.obj)
                0x000000000000ad88                z_arm_fault
 .text.z_arm_fault_init
                0x000000000000afb8       0x18 zephyr/arch/arch/arm/core/aarch32/cortex_m/libarch__arm__core__aarch32__cortex_m.a(fault.c.obj)
                0x000000000000afb8                z_arm_fault_init
 .text.__fault  0x000000000000afd0       0x14 zephyr/arch/arch/arm/core/aarch32/cortex_m/libarch__arm__core__aarch32__cortex_m.a(fault_s.S.obj)
                0x000000000000afd0                z_arm_usage_fault
                0x000000000000afd0                z_arm_mpu_fault
                0x000000000000afd0                z_arm_exc_spurious
                0x000000000000afd0                z_arm_debug_monitor
                0x000000000000afd0                z_arm_hard_fault
                0x000000000000afd0                z_arm_bus_fault
 .text.z_arm_interrupt_init
                0x000000000000afe4       0x18 zephyr/arch/arch/arm/core/aarch32/cortex_m/libarch__arm__core__aarch32__cortex_m.a(irq_init.c.obj)
                0x000000000000afe4                z_arm_interrupt_init
 .text._reset_section
                0x000000000000affc       0x60 zephyr/arch/arch/arm/core/aarch32/cortex_m/libarch__arm__core__aarch32__cortex_m.a(reset.S.obj)
                0x000000000000affc                __start
                0x000000000000affc                z_arm_reset
 .text.sys_arch_reboot
                0x000000000000b05c       0x24 zephyr/arch/arch/arm/core/aarch32/cortex_m/libarch__arm__core__aarch32__cortex_m.a(scb.c.obj)
                0x000000000000b05c                sys_arch_reboot
 .text.z_arm_clear_arm_mpu_config
                0x000000000000b080       0x24 zephyr/arch/arch/arm/core/aarch32/cortex_m/libarch__arm__core__aarch32__cortex_m.a(scb.c.obj)
                0x000000000000b080                z_arm_clear_arm_mpu_config
 .text.z_arm_init_arch_hw_at_boot
                0x000000000000b0a4       0x4c zephyr/arch/arch/arm/core/aarch32/cortex_m/libarch__arm__core__aarch32__cortex_m.a(scb.c.obj)
                0x000000000000b0a4                z_arm_init_arch_hw_at_boot
 .text.z_impl_k_thread_abort
                0x000000000000b0f0       0x2c zephyr/arch/arch/arm/core/aarch32/cortex_m/libarch__arm__core__aarch32__cortex_m.a(thread_abort.c.obj)
                0x000000000000b0f0                z_impl_k_thread_abort
 .text.z_arm_configure_static_mpu_regions
                0x000000000000b11c       0x38 zephyr/arch/arch/arm/core/aarch32/mpu/libarch__arm__core__aarch32__mpu.a(arm_core_mpu.c.obj)
                0x000000000000b11c                z_arm_configure_static_mpu_regions
 .text.region_init
                0x000000000000b154       0x34 zephyr/arch/arch/arm/core/aarch32/mpu/libarch__arm__core__aarch32__mpu.a(arm_mpu.c.obj)
 .text.region_allocate_and_init.part.0
                0x000000000000b188       0x30 zephyr/arch/arch/arm/core/aarch32/mpu/libarch__arm__core__aarch32__mpu.a(arm_mpu.c.obj)
 .text.mpu_configure_regions_and_partition.constprop.0
                0x000000000000b1b8      0x19c zephyr/arch/arch/arm/core/aarch32/mpu/libarch__arm__core__aarch32__mpu.a(arm_mpu.c.obj)
 .text.arm_core_mpu_enable
                0x000000000000b354       0x18 zephyr/arch/arch/arm/core/aarch32/mpu/libarch__arm__core__aarch32__mpu.a(arm_mpu.c.obj)
                0x000000000000b354                arm_core_mpu_enable
 .text.arm_core_mpu_disable
                0x000000000000b36c       0x14 zephyr/arch/arch/arm/core/aarch32/mpu/libarch__arm__core__aarch32__mpu.a(arm_mpu.c.obj)
                0x000000000000b36c                arm_core_mpu_disable
 .text.arm_core_mpu_configure_static_mpu_regions
                0x000000000000b380       0x14 zephyr/arch/arch/arm/core/aarch32/mpu/libarch__arm__core__aarch32__mpu.a(arm_mpu.c.obj)
                0x000000000000b380                arm_core_mpu_configure_static_mpu_regions
 .text.arm_core_mpu_mark_areas_for_dynamic_regions
                0x000000000000b394       0xb8 zephyr/arch/arch/arm/core/aarch32/mpu/libarch__arm__core__aarch32__mpu.a(arm_mpu.c.obj)
                0x000000000000b394                arm_core_mpu_mark_areas_for_dynamic_regions
 .text.z_arm_mpu_init
                0x000000000000b44c       0x4c zephyr/arch/arch/arm/core/aarch32/mpu/libarch__arm__core__aarch32__mpu.a(arm_mpu.c.obj)
                0x000000000000b44c                z_arm_mpu_init
 .text.z_impl_zephyr_fputc
                0x000000000000b498       0x10 zephyr/lib/libc/picolibc/liblib__libc__picolibc.a(libc-hooks.c.obj)
                0x000000000000b498                z_impl_zephyr_fputc
 .text.__stdout_hook_install
                0x000000000000b4a8       0x18 zephyr/lib/libc/picolibc/liblib__libc__picolibc.a(libc-hooks.c.obj)
                0x000000000000b4a8                __stdout_hook_install
 .text.cbvprintf
                0x000000000000b4c0       0x38 zephyr/lib/libc/picolibc/liblib__libc__picolibc.a(libc-hooks.c.obj)
                0x000000000000b4c0                cbvprintf
 .text.malloc_prepare
                0x000000000000b4f8       0x24 zephyr/lib/libc/common/liblib__libc__common.a(malloc.c.obj)
 .text.remoteproc_mgr_boot
                0x000000000000b51c       0x60 zephyr/boards/boards/arm/nrf5340dk_nrf5340_cpuapp_ns/libboards__arm__nrf5340dk_nrf5340.a(nrf5340_cpunet_reset.c.obj)
 .text.xoshiro128_initialize
                0x000000000000b57c       0x18 zephyr/subsys/random/libsubsys__random.a(rand32_xoshiro128.c.obj)
 .text.bt_hex   0x000000000000b594       0x44 zephyr/subsys/bluetooth/common/libsubsys__bluetooth__common.a(bt_str.c.obj)
                0x000000000000b594                bt_hex
 .text.bt_addr_le_str
                0x000000000000b5d8       0x7c zephyr/subsys/bluetooth/common/libsubsys__bluetooth__common.a(bt_str.c.obj)
                0x000000000000b5d8                bt_addr_le_str
 .text.bt_buf_get_rx
                0x000000000000b654       0x20 zephyr/subsys/bluetooth/host/libsubsys__bluetooth__host.a(buf.c.obj)
                0x000000000000b654                bt_buf_get_rx
 .text.bt_buf_get_cmd_complete
                0x000000000000b674       0x38 zephyr/subsys/bluetooth/host/libsubsys__bluetooth__host.a(buf.c.obj)
                0x000000000000b674                bt_buf_get_cmd_complete
 .text.bt_buf_get_evt
                0x000000000000b6ac       0x44 zephyr/subsys/bluetooth/host/libsubsys__bluetooth__host.a(buf.c.obj)
                0x000000000000b6ac                bt_buf_get_evt
 .text.ver_str  0x000000000000b6f0       0x3c zephyr/subsys/bluetooth/host/libsubsys__bluetooth__host.a(hci_core.c.obj)
 .text.handle_event.part.0
                0x000000000000b72c       0x48 zephyr/subsys/bluetooth/host/libsubsys__bluetooth__host.a(hci_core.c.obj)
 .text.handle_event
                0x000000000000b774       0x60 zephyr/subsys/bluetooth/host/libsubsys__bluetooth__host.a(hci_core.c.obj)
 .text.rx_work_handler
                0x000000000000b7d4       0xfc zephyr/subsys/bluetooth/host/libsubsys__bluetooth__host.a(hci_core.c.obj)
 .text.hci_le_meta_event
                0x000000000000b8d0       0x20 zephyr/subsys/bluetooth/host/libsubsys__bluetooth__host.a(hci_core.c.obj)
 .text.hci_hardware_error
                0x000000000000b8f0       0x34 zephyr/subsys/bluetooth/host/libsubsys__bluetooth__host.a(hci_core.c.obj)
 .text.hci_cmd_done
                0x000000000000b924      0x148 zephyr/subsys/bluetooth/host/libsubsys__bluetooth__host.a(hci_core.c.obj)
 .text.hci_cmd_status
                0x000000000000ba6c       0x2c zephyr/subsys/bluetooth/host/libsubsys__bluetooth__host.a(hci_core.c.obj)
 .text.hci_cmd_complete
                0x000000000000ba98       0x30 zephyr/subsys/bluetooth/host/libsubsys__bluetooth__host.a(hci_core.c.obj)
 .text.bt_hci_cmd_state_set_init
                0x000000000000bac8       0x24 zephyr/subsys/bluetooth/host/libsubsys__bluetooth__host.a(hci_core.c.obj)
                0x000000000000bac8                bt_hci_cmd_state_set_init
 .text.bt_hci_cmd_create
                0x000000000000baec       0x74 zephyr/subsys/bluetooth/host/libsubsys__bluetooth__host.a(hci_core.c.obj)
                0x000000000000baec                bt_hci_cmd_create
 .text.bt_hci_cmd_send_sync
                0x000000000000bb60      0x104 zephyr/subsys/bluetooth/host/libsubsys__bluetooth__host.a(hci_core.c.obj)
                0x000000000000bb60                bt_hci_cmd_send_sync
 .text.hci_init
                0x000000000000bc64      0x3c0 zephyr/subsys/bluetooth/host/libsubsys__bluetooth__host.a(hci_core.c.obj)
 .text.bt_hci_le_rand
                0x000000000000c024       0x58 zephyr/subsys/bluetooth/host/libsubsys__bluetooth__host.a(hci_core.c.obj)
                0x000000000000c024                bt_hci_le_rand
 .text.bt_send  0x000000000000c07c       0x10 zephyr/subsys/bluetooth/host/libsubsys__bluetooth__host.a(hci_core.c.obj)
                0x000000000000c07c                bt_send
 .text.hci_tx_thread
                0x000000000000c08c      0x16c zephyr/subsys/bluetooth/host/libsubsys__bluetooth__host.a(hci_core.c.obj)
 .text.hci_event_prio
                0x000000000000c1f8       0xb0 zephyr/subsys/bluetooth/host/libsubsys__bluetooth__host.a(hci_core.c.obj)
                0x000000000000c1f8                hci_event_prio
 .text.bt_recv  0x000000000000c2a8       0xa0 zephyr/subsys/bluetooth/host/libsubsys__bluetooth__host.a(hci_core.c.obj)
                0x000000000000c2a8                bt_recv
 .text.bt_hci_driver_register
                0x000000000000c348       0x28 zephyr/subsys/bluetooth/host/libsubsys__bluetooth__host.a(hci_core.c.obj)
                0x000000000000c348                bt_hci_driver_register
 .text.bt_finalize_init
                0x000000000000c370      0x140 zephyr/subsys/bluetooth/host/libsubsys__bluetooth__host.a(hci_core.c.obj)
                0x000000000000c370                bt_finalize_init
 .text.init_work
                0x000000000000c4b0       0x24 zephyr/subsys/bluetooth/host/libsubsys__bluetooth__host.a(hci_core.c.obj)
 .text.bt_enable
                0x000000000000c4d4      0x140 zephyr/subsys/bluetooth/host/libsubsys__bluetooth__host.a(hci_core.c.obj)
                0x000000000000c4d4                bt_enable
 .text.bt_is_ready
                0x000000000000c614       0x10 zephyr/subsys/bluetooth/host/libsubsys__bluetooth__host.a(hci_core.c.obj)
                0x000000000000c614                bt_is_ready
 .text.bt_get_name
                0x000000000000c624        0x8 zephyr/subsys/bluetooth/host/libsubsys__bluetooth__host.a(hci_core.c.obj)
                0x000000000000c624                bt_get_name
 .text.id_find  0x000000000000c62c       0x30 zephyr/subsys/bluetooth/host/libsubsys__bluetooth__host.a(id.c.obj)
 .text.id_create.constprop.0
                0x000000000000c65c       0x5c zephyr/subsys/bluetooth/host/libsubsys__bluetooth__host.a(id.c.obj)
 .text.set_random_address
                0x000000000000c6b8       0x50 zephyr/subsys/bluetooth/host/libsubsys__bluetooth__host.a(id.c.obj)
 .text.bt_id_create
                0x000000000000c708       0xa8 zephyr/subsys/bluetooth/host/libsubsys__bluetooth__host.a(id.c.obj)
                0x000000000000c708                bt_id_create
 .text.bt_id_read_public_addr
                0x000000000000c7b0       0x84 zephyr/subsys/bluetooth/host/libsubsys__bluetooth__host.a(id.c.obj)
                0x000000000000c7b0                bt_id_read_public_addr
 .text.bt_setup_public_id_addr
                0x000000000000c834       0x20 zephyr/subsys/bluetooth/host/libsubsys__bluetooth__host.a(id.c.obj)
                0x000000000000c834                bt_setup_public_id_addr
 .text.bt_read_static_addr
                0x000000000000c854       0xa8 zephyr/subsys/bluetooth/host/libsubsys__bluetooth__host.a(id.c.obj)
                0x000000000000c854                bt_read_static_addr
 .text.bt_setup_random_id_addr
                0x000000000000c8fc       0x5c zephyr/subsys/bluetooth/host/libsubsys__bluetooth__host.a(id.c.obj)
                0x000000000000c8fc                bt_setup_random_id_addr
 .text.bt_id_set_adv_own_addr
                0x000000000000c958       0xe0 zephyr/subsys/bluetooth/host/libsubsys__bluetooth__host.a(id.c.obj)
                0x000000000000c958                bt_id_set_adv_own_addr
 .text.bt_id_init
                0x000000000000ca38       0x60 zephyr/subsys/bluetooth/host/libsubsys__bluetooth__host.a(id.c.obj)
                0x000000000000ca38                bt_id_init
 .text.hci_set_ad
                0x000000000000ca98       0xe0 zephyr/subsys/bluetooth/host/libsubsys__bluetooth__host.a(adv.c.obj)
 .text.valid_adv_param
                0x000000000000cb78       0x84 zephyr/subsys/bluetooth/host/libsubsys__bluetooth__host.a(adv.c.obj)
 .text.bt_le_adv_update_data
                0x000000000000cbfc       0x4c zephyr/subsys/bluetooth/host/libsubsys__bluetooth__host.a(adv.c.obj)
                0x000000000000cbfc                bt_le_adv_update_data
 .text.bt_le_adv_start_legacy
                0x000000000000cc48      0x218 zephyr/subsys/bluetooth/host/libsubsys__bluetooth__host.a(adv.c.obj)
                0x000000000000cc48                bt_le_adv_start_legacy
 .text.bt_le_adv_start
                0x000000000000ce60       0x64 zephyr/subsys/bluetooth/host/libsubsys__bluetooth__host.a(adv.c.obj)
                0x000000000000ce60                bt_le_adv_start
 .text.bt_le_adv_stop
                0x000000000000cec4       0x38 zephyr/subsys/bluetooth/host/libsubsys__bluetooth__host.a(adv.c.obj)
                0x000000000000cec4                bt_le_adv_stop
 .text.adv_timeout
                0x000000000000cefc       0x38 zephyr/subsys/bluetooth/host/libsubsys__bluetooth__host.a(adv.c.obj)
 .text.prng_reseed.constprop.0
                0x000000000000cf34       0x6c zephyr/subsys/bluetooth/host/libsubsys__bluetooth__host.a(crypto.c.obj)
 .text.prng_init
                0x000000000000cfa0       0x50 zephyr/subsys/bluetooth/host/libsubsys__bluetooth__host.a(crypto.c.obj)
                0x000000000000cfa0                prng_init
 .text.bt_rand  0x000000000000cff0       0x3c zephyr/subsys/bluetooth/host/libsubsys__bluetooth__host.a(crypto.c.obj)
                0x000000000000cff0                bt_rand
 .text.net_buf_pool_get
                0x000000000000d02c       0x10 zephyr/subsys/net/libsubsys__net.a(buf.c.obj)
                0x000000000000d02c                net_buf_pool_get
 .text.net_buf_id
                0x000000000000d03c       0x20 zephyr/subsys/net/libsubsys__net.a(buf.c.obj)
                0x000000000000d03c                net_buf_id
 .text.fixed_data_alloc
                0x000000000000d05c       0x30 zephyr/subsys/net/libsubsys__net.a(buf.c.obj)
 .text.net_buf_alloc_len
                0x000000000000d08c       0xfc zephyr/subsys/net/libsubsys__net.a(buf.c.obj)
                0x000000000000d08c                net_buf_alloc_len
 .text.net_buf_unref
                0x000000000000d188       0x64 zephyr/subsys/net/libsubsys__net.a(buf.c.obj)
                0x000000000000d188                net_buf_unref
 .text.bt_rpmsg_send
                0x000000000000d1ec       0x78 zephyr/drivers/bluetooth/libdrivers__bluetooth.a(rpmsg.c.obj)
 .text.bt_rpmsg_init
                0x000000000000d264       0x40 zephyr/drivers/bluetooth/libdrivers__bluetooth.a(rpmsg.c.obj)
 .text.hci_ept_bound
                0x000000000000d2a4        0xc zephyr/drivers/bluetooth/libdrivers__bluetooth.a(rpmsg.c.obj)
 .text.bt_rpmsg_open
                0x000000000000d2b0       0x8c zephyr/drivers/bluetooth/libdrivers__bluetooth.a(rpmsg.c.obj)
 .text.hci_ept_recv
                0x000000000000d33c      0x218 zephyr/drivers/bluetooth/libdrivers__bluetooth.a(rpmsg.c.obj)
 .text.onoff_stop
                0x000000000000d554       0x30 zephyr/drivers/clock_control/libdrivers__clock_control.a(clock_control_nrf.c.obj)
 .text.onoff_start
                0x000000000000d584       0x44 zephyr/drivers/clock_control/libdrivers__clock_control.a(clock_control_nrf.c.obj)
 .text.clk_init
                0x000000000000d5c8       0x64 zephyr/drivers/clock_control/libdrivers__clock_control.a(clock_control_nrf.c.obj)
 .text.clkstarted_handle.constprop.0
                0x000000000000d62c       0x34 zephyr/drivers/clock_control/libdrivers__clock_control.a(clock_control_nrf.c.obj)
 .text.clock_event_handler
                0x000000000000d660       0x30 zephyr/drivers/clock_control/libdrivers__clock_control.a(clock_control_nrf.c.obj)
 .text.generic_hfclk_start
                0x000000000000d690       0x64 zephyr/drivers/clock_control/libdrivers__clock_control.a(clock_control_nrf.c.obj)
 .text.api_blocking_start
                0x000000000000d6f4       0x3c zephyr/drivers/clock_control/libdrivers__clock_control.a(clock_control_nrf.c.obj)
 .text.generic_hfclk_stop
                0x000000000000d730       0x34 zephyr/drivers/clock_control/libdrivers__clock_control.a(clock_control_nrf.c.obj)
 .text.z_nrf_clock_control_lf_on
                0x000000000000d764       0xf8 zephyr/drivers/clock_control/libdrivers__clock_control.a(clock_control_nrf.c.obj)
                0x000000000000d764                z_nrf_clock_control_lf_on
 .text.uart_console_init
                0x000000000000d85c       0x28 zephyr/drivers/console/libdrivers__console.a(uart_console.c.obj)
 .text.console_out
                0x000000000000d884       0x28 zephyr/drivers/console/libdrivers__console.a(uart_console.c.obj)
 .text.gpio_nrfx_pin_interrupt_configure
                0x000000000000d8ac       0xe4 zephyr/drivers/gpio/libdrivers__gpio.a(gpio_nrfx.c.obj)
 .text.gpio_nrfx_init
                0x000000000000d990       0x38 zephyr/drivers/gpio/libdrivers__gpio.a(gpio_nrfx.c.obj)
 .text.nrfx_gpio_handler
                0x000000000000d9c8       0x4c zephyr/drivers/gpio/libdrivers__gpio.a(gpio_nrfx.c.obj)
 .text.gpio_nrfx_pin_configure
                0x000000000000da14      0x124 zephyr/drivers/gpio/libdrivers__gpio.a(gpio_nrfx.c.obj)
 .text.mbox_nrf_init
                0x000000000000db38       0xb4 zephyr/drivers/mbox/libdrivers__mbox.a(mbox_nrfx_ipc.c.obj)
 .text.mbox_nrf_set_enabled
                0x000000000000dbec       0xa0 zephyr/drivers/mbox/libdrivers__mbox.a(mbox_nrfx_ipc.c.obj)
 .text.mbox_nrf_send
                0x000000000000dc8c       0x54 zephyr/drivers/mbox/libdrivers__mbox.a(mbox_nrfx_ipc.c.obj)
 .text.mbox_dispatcher
                0x000000000000dce0       0x7c zephyr/drivers/mbox/libdrivers__mbox.a(mbox_nrfx_ipc.c.obj)
 .text.nrf_gpio_pin_port_decode
                0x000000000000dd5c       0x24 zephyr/drivers/pinctrl/libdrivers__pinctrl.a(pinctrl_nrf.c.obj)
 .text.pinctrl_configure_pins
                0x000000000000dd80      0x18c zephyr/drivers/pinctrl/libdrivers__pinctrl.a(pinctrl_nrf.c.obj)
                0x000000000000dd80                pinctrl_configure_pins
 .text.uarte_nrfx_configure
                0x000000000000df0c      0x17c zephyr/drivers/serial/libdrivers__serial.a(uart_nrfx_uarte.c.obj)
 .text.uarte_0_init
                0x000000000000e088      0x104 zephyr/drivers/serial/libdrivers__serial.a(uart_nrfx_uarte.c.obj)
 .text.uarte_nrfx_poll_out
                0x000000000000e18c       0xcc zephyr/drivers/serial/libdrivers__serial.a(uart_nrfx_uarte.c.obj)
 .text.compare_int_lock
                0x000000000000e258       0x40 zephyr/drivers/timer/libdrivers__timer.a(nrf_rtc_timer.c.obj)
 .text.sys_clock_timeout_handler
                0x000000000000e298       0x48 zephyr/drivers/timer/libdrivers__timer.a(nrf_rtc_timer.c.obj)
 .text.compare_int_unlock
                0x000000000000e2e0       0x4c zephyr/drivers/timer/libdrivers__timer.a(nrf_rtc_timer.c.obj)
 .text.z_nrf_rtc_timer_compare_evt_address_get
                0x000000000000e32c       0x10 zephyr/drivers/timer/libdrivers__timer.a(nrf_rtc_timer.c.obj)
                0x000000000000e32c                z_nrf_rtc_timer_compare_evt_address_get
 .text.z_nrf_rtc_timer_compare_read
                0x000000000000e33c       0x10 zephyr/drivers/timer/libdrivers__timer.a(nrf_rtc_timer.c.obj)
                0x000000000000e33c                z_nrf_rtc_timer_compare_read
 .text.z_nrf_rtc_timer_read
                0x000000000000e34c       0x44 zephyr/drivers/timer/libdrivers__timer.a(nrf_rtc_timer.c.obj)
                0x000000000000e34c                z_nrf_rtc_timer_read
 .text.compare_set
                0x000000000000e390      0x124 zephyr/drivers/timer/libdrivers__timer.a(nrf_rtc_timer.c.obj)
 .text.sys_clock_driver_init
                0x000000000000e4b4       0xa4 zephyr/drivers/timer/libdrivers__timer.a(nrf_rtc_timer.c.obj)
 .text.rtc_nrf_isr
                0x000000000000e558      0x100 zephyr/drivers/timer/libdrivers__timer.a(nrf_rtc_timer.c.obj)
                0x000000000000e558                rtc_nrf_isr
 .text.z_nrf_rtc_timer_chan_alloc
                0x000000000000e658       0x3c zephyr/drivers/timer/libdrivers__timer.a(nrf_rtc_timer.c.obj)
                0x000000000000e658                z_nrf_rtc_timer_chan_alloc
 .text.z_nrf_rtc_timer_chan_free
                0x000000000000e694       0x1c zephyr/drivers/timer/libdrivers__timer.a(nrf_rtc_timer.c.obj)
                0x000000000000e694                z_nrf_rtc_timer_chan_free
 .text.sys_clock_set_timeout
                0x000000000000e6b0       0x64 zephyr/drivers/timer/libdrivers__timer.a(nrf_rtc_timer.c.obj)
                0x000000000000e6b0                sys_clock_set_timeout
 .text.sys_clock_elapsed
                0x000000000000e714       0x14 zephyr/drivers/timer/libdrivers__timer.a(nrf_rtc_timer.c.obj)
                0x000000000000e714                sys_clock_elapsed
 .text.get_buttons.part.0
                0x000000000000e728       0x28 modules/nrf/lib/dk_buttons_and_leds/lib..__nrf__lib__dk_buttons_and_leds.a(dk_buttons_and_leds.c.obj)
 .text.get_buttons
                0x000000000000e750       0x5c modules/nrf/lib/dk_buttons_and_leds/lib..__nrf__lib__dk_buttons_and_leds.a(dk_buttons_and_leds.c.obj)
 .text.dk_set_leds_state.part.0
                0x000000000000e7ac       0x68 modules/nrf/lib/dk_buttons_and_leds/lib..__nrf__lib__dk_buttons_and_leds.a(dk_buttons_and_leds.c.obj)
 .text.callback_ctrl
                0x000000000000e814       0xa4 modules/nrf/lib/dk_buttons_and_leds/lib..__nrf__lib__dk_buttons_and_leds.a(dk_buttons_and_leds.c.obj)
 .text.button_pressed
                0x000000000000e8b8       0x80 modules/nrf/lib/dk_buttons_and_leds/lib..__nrf__lib__dk_buttons_and_leds.a(dk_buttons_and_leds.c.obj)
 .text.buttons_scan_fn
                0x000000000000e938      0x114 modules/nrf/lib/dk_buttons_and_leds/lib..__nrf__lib__dk_buttons_and_leds.a(dk_buttons_and_leds.c.obj)
 .text.dk_leds_init
                0x000000000000ea4c       0x54 modules/nrf/lib/dk_buttons_and_leds/lib..__nrf__lib__dk_buttons_and_leds.a(dk_buttons_and_leds.c.obj)
                0x000000000000ea4c                dk_leds_init
 .text.dk_read_buttons
                0x000000000000eaa0       0x20 modules/nrf/lib/dk_buttons_and_leds/lib..__nrf__lib__dk_buttons_and_leds.a(dk_buttons_and_leds.c.obj)
                0x000000000000eaa0                dk_read_buttons
 .text.dk_buttons_init
                0x000000000000eac0      0x124 modules/nrf/lib/dk_buttons_and_leds/lib..__nrf__lib__dk_buttons_and_leds.a(dk_buttons_and_leds.c.obj)
                0x000000000000eac0                dk_buttons_init
 .text.dk_set_led
                0x000000000000ebe4       0x64 modules/nrf/lib/dk_buttons_and_leds/lib..__nrf__lib__dk_buttons_and_leds.a(dk_buttons_and_leds.c.obj)
                0x000000000000ebe4                dk_set_led
 .text.k_sys_fatal_error_handler
                0x000000000000ec48       0x2c modules/nrf/lib/fatal_error/lib..__nrf__lib__fatal_error.a(fatal_error.c.obj)
                0x000000000000ec48                k_sys_fatal_error_handler
 .text.tfm_ns_interface_dispatch
                0x000000000000ec74       0x64 modules/trusted-firmware-m/libtfm_api.a(interface.c.obj)
                0x000000000000ec74                tfm_ns_interface_dispatch
 .text.tfm_platform_ioctl
                0x000000000000ecd8       0x4c modules/trusted-firmware-m/libtfm_api.a(tfm_platform_api.c.obj)
                0x000000000000ecd8                tfm_platform_ioctl
 .text.psa_generate_random
                0x000000000000ed24       0x40 modules/trusted-firmware-m/libtfm_api.a(tfm_crypto_api.c.obj)
                0x000000000000ed24                psa_generate_random
 .text.psa_call
                0x000000000000ed64       0x38 modules/trusted-firmware-m/libtfm_api.a(tfm_psa_ns_api.c.obj)
                0x000000000000ed64                psa_call
 .text.nrfx_flag32_alloc
                0x000000000000ed9c       0x40 modules/hal_nordic/nrfx/libmodules__hal_nordic__nrfx.a(nrfx_flag32_allocator.c.obj)
                0x000000000000ed9c                nrfx_flag32_alloc
 .text.nrfx_flag32_free
                0x000000000000eddc       0x38 modules/hal_nordic/nrfx/libmodules__hal_nordic__nrfx.a(nrfx_flag32_allocator.c.obj)
                0x000000000000eddc                nrfx_flag32_free
 .text.nrfx_gppi_channels_enable
                0x000000000000ee14        0xc modules/hal_nordic/nrfx/libmodules__hal_nordic__nrfx.a(nrfx_gppi_dppi.c.obj)
                0x000000000000ee14                nrfx_gppi_channels_enable
 .text.nrfx_gppi_channels_disable
                0x000000000000ee20        0xc modules/hal_nordic/nrfx/libmodules__hal_nordic__nrfx.a(nrfx_gppi_dppi.c.obj)
                0x000000000000ee20                nrfx_gppi_channels_disable
 .text.clock_stop
                0x000000000000ee2c      0x158 modules/hal_nordic/nrfx/libmodules__hal_nordic__nrfx.a(nrfx_clock.c.obj)
 .text.nrfx_clock_init
                0x000000000000ef84       0x20 modules/hal_nordic/nrfx/libmodules__hal_nordic__nrfx.a(nrfx_clock.c.obj)
                0x000000000000ef84                nrfx_clock_init
 .text.nrfx_clock_enable
                0x000000000000efa4       0x28 modules/hal_nordic/nrfx/libmodules__hal_nordic__nrfx.a(nrfx_clock.c.obj)
                0x000000000000efa4                nrfx_clock_enable
 .text.nrfx_clock_start
                0x000000000000efcc       0xb8 modules/hal_nordic/nrfx/libmodules__hal_nordic__nrfx.a(nrfx_clock.c.obj)
                0x000000000000efcc                nrfx_clock_start
 .text.nrfx_power_clock_irq_handler
                0x000000000000f084       0xac modules/hal_nordic/nrfx/libmodules__hal_nordic__nrfx.a(nrfx_clock.c.obj)
                0x000000000000f084                nrfx_power_clock_irq_handler
 .text.nrfx_dppi_channel_alloc
                0x000000000000f130        0xc modules/hal_nordic/nrfx/libmodules__hal_nordic__nrfx.a(nrfx_dppi.c.obj)
                0x000000000000f130                nrfx_dppi_channel_alloc
 .text.nrfx_dppi_channel_free
                0x000000000000f13c       0x1c modules/hal_nordic/nrfx/libmodules__hal_nordic__nrfx.a(nrfx_dppi.c.obj)
                0x000000000000f13c                nrfx_dppi_channel_free
 .text.nrf_gpio_pin_port_decode
                0x000000000000f158       0x24 modules/hal_nordic/nrfx/libmodules__hal_nordic__nrfx.a(nrfx_gpiote.c.obj)
 .text.get_pin_idx
                0x000000000000f17c       0x14 modules/hal_nordic/nrfx/libmodules__hal_nordic__nrfx.a(nrfx_gpiote.c.obj)
 .text.pin_in_use_by_te
                0x000000000000f190       0x18 modules/hal_nordic/nrfx/libmodules__hal_nordic__nrfx.a(nrfx_gpiote.c.obj)
 .text.pin_is_output
                0x000000000000f1a8       0x18 modules/hal_nordic/nrfx/libmodules__hal_nordic__nrfx.a(nrfx_gpiote.c.obj)
 .text.pin_te_get
                0x000000000000f1c0       0x18 modules/hal_nordic/nrfx/libmodules__hal_nordic__nrfx.a(nrfx_gpiote.c.obj)
 .text.call_handler
                0x000000000000f1d8       0x40 modules/hal_nordic/nrfx/libmodules__hal_nordic__nrfx.a(nrfx_gpiote.c.obj)
 .text.release_handler
                0x000000000000f218       0x58 modules/hal_nordic/nrfx/libmodules__hal_nordic__nrfx.a(nrfx_gpiote.c.obj)
 .text.__nrfy_internal_gpiote_events_process.constprop.0
                0x000000000000f270       0x5c modules/hal_nordic/nrfx/libmodules__hal_nordic__nrfx.a(nrfx_gpiote.c.obj)
 .text.nrfx_gpiote_input_configure
                0x000000000000f2cc      0x170 modules/hal_nordic/nrfx/libmodules__hal_nordic__nrfx.a(nrfx_gpiote.c.obj)
                0x000000000000f2cc                nrfx_gpiote_input_configure
 .text.nrfx_gpiote_output_configure
                0x000000000000f43c       0xfc modules/hal_nordic/nrfx/libmodules__hal_nordic__nrfx.a(nrfx_gpiote.c.obj)
                0x000000000000f43c                nrfx_gpiote_output_configure
 .text.nrfx_gpiote_global_callback_set
                0x000000000000f538        0xc modules/hal_nordic/nrfx/libmodules__hal_nordic__nrfx.a(nrfx_gpiote.c.obj)
                0x000000000000f538                nrfx_gpiote_global_callback_set
 .text.nrfx_gpiote_channel_get
                0x000000000000f544       0x30 modules/hal_nordic/nrfx/libmodules__hal_nordic__nrfx.a(nrfx_gpiote.c.obj)
                0x000000000000f544                nrfx_gpiote_channel_get
 .text.nrfx_gpiote_init
                0x000000000000f574       0x50 modules/hal_nordic/nrfx/libmodules__hal_nordic__nrfx.a(nrfx_gpiote.c.obj)
                0x000000000000f574                nrfx_gpiote_init
 .text.nrfx_gpiote_is_init
                0x000000000000f5c4       0x14 modules/hal_nordic/nrfx/libmodules__hal_nordic__nrfx.a(nrfx_gpiote.c.obj)
                0x000000000000f5c4                nrfx_gpiote_is_init
 .text.nrfx_gpiote_channel_free
                0x000000000000f5d8        0xc modules/hal_nordic/nrfx/libmodules__hal_nordic__nrfx.a(nrfx_gpiote.c.obj)
                0x000000000000f5d8                nrfx_gpiote_channel_free
 .text.nrfx_gpiote_channel_alloc
                0x000000000000f5e4        0xc modules/hal_nordic/nrfx/libmodules__hal_nordic__nrfx.a(nrfx_gpiote.c.obj)
                0x000000000000f5e4                nrfx_gpiote_channel_alloc
 .text.nrfx_gpiote_trigger_enable
                0x000000000000f5f0       0x98 modules/hal_nordic/nrfx/libmodules__hal_nordic__nrfx.a(nrfx_gpiote.c.obj)
                0x000000000000f5f0                nrfx_gpiote_trigger_enable
 .text.nrfx_gpiote_trigger_disable
                0x000000000000f688       0x4c modules/hal_nordic/nrfx/libmodules__hal_nordic__nrfx.a(nrfx_gpiote.c.obj)
                0x000000000000f688                nrfx_gpiote_trigger_disable
 .text.nrfx_gpiote_pin_uninit
                0x000000000000f6d4       0x84 modules/hal_nordic/nrfx/libmodules__hal_nordic__nrfx.a(nrfx_gpiote.c.obj)
                0x000000000000f6d4                nrfx_gpiote_pin_uninit
 .text.nrfx_gpiote_irq_handler
                0x000000000000f758      0x19c modules/hal_nordic/nrfx/libmodules__hal_nordic__nrfx.a(nrfx_gpiote.c.obj)
                0x000000000000f758                nrfx_gpiote_irq_handler
 .text.nrfx_ipc_init
                0x000000000000f8f4       0x30 modules/hal_nordic/nrfx/libmodules__hal_nordic__nrfx.a(nrfx_ipc.c.obj)
                0x000000000000f8f4                nrfx_ipc_init
 .text.nrfx_ipc_config_load
                0x000000000000f924       0x40 modules/hal_nordic/nrfx/libmodules__hal_nordic__nrfx.a(nrfx_ipc.c.obj)
                0x000000000000f924                nrfx_ipc_config_load
 .text.nrfx_ipc_receive_event_enable
                0x000000000000f964       0x10 modules/hal_nordic/nrfx/libmodules__hal_nordic__nrfx.a(nrfx_ipc.c.obj)
                0x000000000000f964                nrfx_ipc_receive_event_enable
 .text.nrfx_ipc_receive_event_disable
                0x000000000000f974       0x10 modules/hal_nordic/nrfx/libmodules__hal_nordic__nrfx.a(nrfx_ipc.c.obj)
                0x000000000000f974                nrfx_ipc_receive_event_disable
 .text.nrfx_ipc_irq_handler
                0x000000000000f984       0x40 modules/hal_nordic/nrfx/libmodules__hal_nordic__nrfx.a(nrfx_ipc.c.obj)
                0x000000000000f984                nrfx_ipc_irq_handler
 .text.metal_generic_dev_open
                0x000000000000f9c4       0x40 modules/libmetal/libmetal/lib/libmetal.a(device.c.obj)
                0x000000000000f9c4                metal_generic_dev_open
 .text.metal_bus_unregister
                0x000000000000fa04       0x3c modules/libmetal/libmetal/lib/libmetal.a(device.c.obj)
                0x000000000000fa04                metal_bus_unregister
 .text.metal_bus_find
                0x000000000000fa40       0x3c modules/libmetal/libmetal/lib/libmetal.a(device.c.obj)
                0x000000000000fa40                metal_bus_find
 .text.metal_bus_register
                0x000000000000fa7c       0x5c modules/libmetal/libmetal/lib/libmetal.a(device.c.obj)
                0x000000000000fa7c                metal_bus_register
 .text.metal_register_generic_device
                0x000000000000fad8       0x3c modules/libmetal/libmetal/lib/libmetal.a(device.c.obj)
                0x000000000000fad8                metal_register_generic_device
 .text.metal_init
                0x000000000000fb14       0x40 modules/libmetal/libmetal/lib/libmetal.a(init.c.obj)
                0x000000000000fb14                metal_init
 .text.metal_finish
                0x000000000000fb54       0x18 modules/libmetal/libmetal/lib/libmetal.a(init.c.obj)
                0x000000000000fb54                metal_finish
 .text.metal_sys_init
                0x000000000000fb6c       0x10 modules/libmetal/libmetal/lib/libmetal.a(init.c.obj)
                0x000000000000fb6c                metal_sys_init
 .text.metal_sys_finish
                0x000000000000fb7c        0xc modules/libmetal/libmetal/lib/libmetal.a(init.c.obj)
                0x000000000000fb7c                metal_sys_finish
 .text.metal_zephyr_log_handler
                0x000000000000fb88       0x3c modules/libmetal/libmetal/lib/libmetal.a(log.c.obj)
                0x000000000000fb88                metal_zephyr_log_handler
 .text.virtio_create_virtqueues
                0x000000000000fbc4       0xbc modules/open-amp/open-amp/lib/libopen_amp.a(virtio.c.obj)
                0x000000000000fbc4                virtio_create_virtqueues
 .text.virtqueue_free
                0x000000000000fc80       0x38 modules/open-amp/open-amp/lib/libopen_amp.a(virtqueue.c.obj)
                0x000000000000fc80                virtqueue_free
 .text.virtqueue_add_consumed_buffer
                0x000000000000fcb8       0x38 modules/open-amp/open-amp/lib/libopen_amp.a(virtqueue.c.obj)
                0x000000000000fcb8                virtqueue_add_consumed_buffer
 .text.rpmsg_send_offchannel_raw
                0x000000000000fcf0       0x2c modules/open-amp/open-amp/lib/libopen_amp.a(rpmsg.c.obj)
                0x000000000000fcf0                rpmsg_send_offchannel_raw
 .text.rpmsg_send_offchannel_nocopy
                0x000000000000fd1c       0x2c modules/open-amp/open-amp/lib/libopen_amp.a(rpmsg.c.obj)
                0x000000000000fd1c                rpmsg_send_offchannel_nocopy
 .text.rpmsg_register_endpoint
                0x000000000000fd48       0x40 modules/open-amp/open-amp/lib/libopen_amp.a(rpmsg.c.obj)
                0x000000000000fd48                rpmsg_register_endpoint
 .text.rpmsg_create_ept
                0x000000000000fd88      0x100 modules/open-amp/open-amp/lib/libopen_amp.a(rpmsg.c.obj)
                0x000000000000fd88                rpmsg_create_ept
 .text.rpmsg_virtio_send_offchannel_raw
                0x000000000000fe88       0x5c modules/open-amp/open-amp/lib/libopen_amp.a(rpmsg_virtio.c.obj)
 .text.rpmsg_virtio_get_buffer_size
                0x000000000000fee4       0x4c modules/open-amp/open-amp/lib/libopen_amp.a(rpmsg_virtio.c.obj)
                0x000000000000fee4                rpmsg_virtio_get_buffer_size
 .text.rpmsg_init_vdev_with_config
                0x000000000000ff30      0x254 modules/open-amp/open-amp/lib/libopen_amp.a(rpmsg_virtio.c.obj)
                0x000000000000ff30                rpmsg_init_vdev_with_config
 .text.rpmsg_init_vdev
                0x0000000000010184       0x2c modules/open-amp/open-amp/lib/libopen_amp.a(rpmsg_virtio.c.obj)
                0x0000000000010184                rpmsg_init_vdev
 .text.z_fatal_error
                0x00000000000101b0      0x104 zephyr/kernel/libkernel.a(fatal.c.obj)
                0x00000000000101b0                z_fatal_error
 .text.z_sys_init_run_level
                0x00000000000102b4       0x48 zephyr/kernel/libkernel.a(init.c.obj)
 .text.bg_thread_main
                0x00000000000102fc       0x34 zephyr/kernel/libkernel.a(init.c.obj)
 .text.z_bss_zero
                0x0000000000010330       0x18 zephyr/kernel/libkernel.a(init.c.obj)
                0x0000000000010330                z_bss_zero
 .text.z_init_cpu
                0x0000000000010348       0x7c zephyr/kernel/libkernel.a(init.c.obj)
                0x0000000000010348                z_init_cpu
 .text.z_cstart
                0x00000000000103c4       0xe4 zephyr/kernel/libkernel.a(init.c.obj)
                0x00000000000103c4                z_cstart
 .text.statics_init
                0x00000000000104a8       0x24 zephyr/kernel/libkernel.a(kheap.c.obj)
 .text.z_setup_new_thread
                0x00000000000104cc       0x7c zephyr/kernel/libkernel.a(thread.c.obj)
                0x00000000000104cc                z_setup_new_thread
 .text.z_impl_k_thread_create
                0x0000000000010548       0x58 zephyr/kernel/libkernel.a(thread.c.obj)
                0x0000000000010548                z_impl_k_thread_create
 .text.z_init_static_threads
                0x00000000000105a0       0xb8 zephyr/kernel/libkernel.a(thread.c.obj)
                0x00000000000105a0                z_init_static_threads
 .text.z_impl_k_mutex_lock
                0x0000000000010658       0xf4 zephyr/kernel/libkernel.a(mutex.c.obj)
                0x0000000000010658                z_impl_k_mutex_lock
 .text.z_impl_k_mutex_unlock
                0x000000000001074c       0x78 zephyr/kernel/libkernel.a(mutex.c.obj)
                0x000000000001074c                z_impl_k_mutex_unlock
 .text.z_impl_k_queue_get
                0x00000000000107c4       0x68 zephyr/kernel/libkernel.a(queue.c.obj)
                0x00000000000107c4                z_impl_k_queue_get
 .text.z_impl_k_sem_give
                0x000000000001082c       0x4c zephyr/kernel/libkernel.a(sem.c.obj)
                0x000000000001082c                z_impl_k_sem_give
 .text.z_impl_k_sem_take
                0x0000000000010878       0x50 zephyr/kernel/libkernel.a(sem.c.obj)
                0x0000000000010878                z_impl_k_sem_take
 .text.work_queue_main
                0x00000000000108c8      0x138 zephyr/kernel/libkernel.a(work.c.obj)
 .text.submit_to_queue_locked
                0x0000000000010a00       0xb4 zephyr/kernel/libkernel.a(work.c.obj)
 .text.k_work_submit
                0x0000000000010ab4        0xc zephyr/kernel/libkernel.a(work.c.obj)
                0x0000000000010ab4                k_work_submit
 .text.k_work_queue_start
                0x0000000000010ac0       0x70 zephyr/kernel/libkernel.a(work.c.obj)
                0x0000000000010ac0                k_work_queue_start
 .text.k_work_queue_drain
                0x0000000000010b30       0x7c zephyr/kernel/libkernel.a(work.c.obj)
                0x0000000000010b30                k_work_queue_drain
 .text.k_work_schedule_for_queue
                0x0000000000010bac       0x54 zephyr/kernel/libkernel.a(work.c.obj)
                0x0000000000010bac                k_work_schedule_for_queue
 .text.k_work_schedule
                0x0000000000010c00        0xc zephyr/kernel/libkernel.a(work.c.obj)
                0x0000000000010c00                k_work_schedule
 .text.k_work_reschedule_for_queue
                0x0000000000010c0c       0x5c zephyr/kernel/libkernel.a(work.c.obj)
                0x0000000000010c0c                k_work_reschedule_for_queue
 .text.k_work_reschedule
                0x0000000000010c68        0xc zephyr/kernel/libkernel.a(work.c.obj)
                0x0000000000010c68                k_work_reschedule
 .text.sliceable
                0x0000000000010c74       0x3c zephyr/kernel/libkernel.a(sched.c.obj)
 .text.slice_timeout
                0x0000000000010cb0       0x20 zephyr/kernel/libkernel.a(sched.c.obj)
 .text.z_reset_time_slice
                0x0000000000010cd0       0x50 zephyr/kernel/libkernel.a(sched.c.obj)
                0x0000000000010cd0                z_reset_time_slice
 .text.update_cache
                0x0000000000010d20       0x3c zephyr/kernel/libkernel.a(sched.c.obj)
 .text.move_thread_to_end_of_prio_q
                0x0000000000010d5c       0x74 zephyr/kernel/libkernel.a(sched.c.obj)
 .text.ready_thread
                0x0000000000010dd0       0x68 zephyr/kernel/libkernel.a(sched.c.obj)
 .text.unready_thread
                0x0000000000010e38       0x30 zephyr/kernel/libkernel.a(sched.c.obj)
 .text.pend_locked
                0x0000000000010e68       0x30 zephyr/kernel/libkernel.a(sched.c.obj)
 .text.z_time_slice
                0x0000000000010e98       0x60 zephyr/kernel/libkernel.a(sched.c.obj)
                0x0000000000010e98                z_time_slice
 .text.z_pend_curr
                0x0000000000010ef8       0x3c zephyr/kernel/libkernel.a(sched.c.obj)
                0x0000000000010ef8                z_pend_curr
 .text.z_set_prio
                0x0000000000010f34       0x8c zephyr/kernel/libkernel.a(sched.c.obj)
                0x0000000000010f34                z_set_prio
 .text.z_reschedule
                0x0000000000010fc0       0x24 zephyr/kernel/libkernel.a(sched.c.obj)
                0x0000000000010fc0                z_reschedule
 .text.z_sched_start
                0x0000000000010fe4       0x3c zephyr/kernel/libkernel.a(sched.c.obj)
                0x0000000000010fe4                z_sched_start
 .text.z_impl_k_thread_suspend
                0x0000000000011020       0x64 zephyr/kernel/libkernel.a(sched.c.obj)
                0x0000000000011020                z_impl_k_thread_suspend
 .text.k_sched_lock
                0x0000000000011084       0x28 zephyr/kernel/libkernel.a(sched.c.obj)
                0x0000000000011084                k_sched_lock
 .text.k_sched_unlock
                0x00000000000110ac       0x38 zephyr/kernel/libkernel.a(sched.c.obj)
                0x00000000000110ac                k_sched_unlock
 .text.z_sched_init
                0x00000000000110e4       0x10 zephyr/kernel/libkernel.a(sched.c.obj)
                0x00000000000110e4                z_sched_init
 .text.z_impl_k_yield
                0x00000000000110f4       0x7c zephyr/kernel/libkernel.a(sched.c.obj)
                0x00000000000110f4                z_impl_k_yield
 .text.z_tick_sleep
                0x0000000000011170       0x88 zephyr/kernel/libkernel.a(sched.c.obj)
 .text.z_impl_k_sleep
                0x00000000000111f8       0x34 zephyr/kernel/libkernel.a(sched.c.obj)
                0x00000000000111f8                z_impl_k_sleep
 .text.z_impl_z_current_get
                0x000000000001122c        0xc zephyr/kernel/libkernel.a(sched.c.obj)
                0x000000000001122c                z_impl_z_current_get
 .text.z_thread_abort
                0x0000000000011238       0xc0 zephyr/kernel/libkernel.a(sched.c.obj)
                0x0000000000011238                z_thread_abort
 .text.z_sched_wait
                0x00000000000112f8       0x24 zephyr/kernel/libkernel.a(sched.c.obj)
                0x00000000000112f8                z_sched_wait
 .text.z_data_copy
                0x000000000001131c       0x34 zephyr/kernel/libkernel.a(xip.c.obj)
                0x000000000001131c                z_data_copy
 .text.elapsed  0x0000000000011350       0x14 zephyr/kernel/libkernel.a(timeout.c.obj)
 .text.next_timeout
                0x0000000000011364       0x40 zephyr/kernel/libkernel.a(timeout.c.obj)
 .text.remove_timeout
                0x00000000000113a4       0x38 zephyr/kernel/libkernel.a(timeout.c.obj)
 .text.z_add_timeout
                0x00000000000113dc       0xec zephyr/kernel/libkernel.a(timeout.c.obj)
                0x00000000000113dc                z_add_timeout
 .text.sys_clock_announce
                0x00000000000114c8       0xd4 zephyr/kernel/libkernel.a(timeout.c.obj)
                0x00000000000114c8                sys_clock_announce
 .text.sys_clock_tick_get
                0x000000000001159c       0x34 zephyr/kernel/libkernel.a(timeout.c.obj)
                0x000000000001159c                sys_clock_tick_get
 .text.z_timer_expiration_handler
                0x00000000000115d0       0xe4 zephyr/kernel/libkernel.a(timer.c.obj)
                0x00000000000115d0                z_timer_expiration_handler
 .text.z_impl_k_timer_start
                0x00000000000116b4       0x60 zephyr/kernel/libkernel.a(timer.c.obj)
                0x00000000000116b4                z_impl_k_timer_start
 .text.z_impl_k_poll
                0x0000000000011714       0xb8 zephyr/kernel/libkernel.a(poll.c.obj)
                0x0000000000011714                z_impl_k_poll
 .text.z_impl_k_poll_signal_raise
                0x00000000000117cc       0x50 zephyr/kernel/libkernel.a(poll.c.obj)
                0x00000000000117cc                z_impl_k_poll_signal_raise
 .text.k_aligned_alloc
                0x000000000001181c       0x10 zephyr/kernel/libkernel.a(mempool.c.obj)
                0x000000000001181c                k_aligned_alloc
 .text.k_thread_system_pool_assign
                0x000000000001182c        0xc zephyr/kernel/libkernel.a(mempool.c.obj)
                0x000000000001182c                k_thread_system_pool_assign
 .text.z_thread_aligned_alloc
                0x0000000000011838       0x30 zephyr/kernel/libkernel.a(mempool.c.obj)
                0x0000000000011838                z_thread_aligned_alloc
 .text.boot_banner
                0x0000000000011868        0xc zephyr/kernel/libkernel.a(banner.c.obj)
                0x0000000000011868                boot_banner
 .text.k_sys_work_q_init
                0x0000000000011874       0x34 zephyr/kernel/libkernel.a(system_work_q.c.obj)
 .text.snprintf
                0x00000000000118a8       0x58 c:\ncs\toolchains\c57af46cb7\opt\zephyr-sdk\arm-zephyr-eabi\bin\../lib/gcc/../../picolibc/arm-zephyr-eabi/lib/thumb/v8-m.main/nofp\libc.a(libc_tinystdio_snprintf.c.o)
                0x00000000000118a8                snprintf
 .text.__i_vfprintf
                0x0000000000011900      0x48c c:\ncs\toolchains\c57af46cb7\opt\zephyr-sdk\arm-zephyr-eabi\bin\../lib/gcc/../../picolibc/arm-zephyr-eabi/lib/thumb/v8-m.main/nofp\libc.a(libc_tinystdio_vfiprintf.c.o)
                0x0000000000011900                __i_vfprintf
 .text.cbpprintf_external
                0x0000000000011d8c       0x62 zephyr/libzephyr.a(cbprintf_packaged.c.obj)
                0x0000000000011d8c                cbpprintf_external
 .text.is_ptr   0x0000000000011dee       0x4a zephyr/libzephyr.a(cbprintf_packaged.c.obj)
                0x0000000000011dee                is_ptr
 .text.arch_printk_char_out
                0x0000000000011e38        0x4 zephyr/libzephyr.a(printk.c.obj)
                0x0000000000011e38                arch_printk_char_out
 .text.vprintk  0x0000000000011e3c        0x4 zephyr/libzephyr.a(printk.c.obj)
                0x0000000000011e3c                vprintk
 .text.printk   0x0000000000011e40       0x1a zephyr/libzephyr.a(printk.c.obj)
                0x0000000000011e40                printk
 .text.chunk_field
                0x0000000000011e5a       0x16 zephyr/libzephyr.a(heap.c.obj)
 .text.chunk_set
                0x0000000000011e70       0x16 zephyr/libzephyr.a(heap.c.obj)
 .text.chunk_size
                0x0000000000011e86        0xc zephyr/libzephyr.a(heap.c.obj)
 .text.set_chunk_used
                0x0000000000011e92       0x30 zephyr/libzephyr.a(heap.c.obj)
 .text.set_chunk_size
                0x0000000000011ec2        0x8 zephyr/libzephyr.a(heap.c.obj)
 .text.mem_to_chunkid
                0x0000000000011eca       0x14 zephyr/libzephyr.a(heap.c.obj)
 .text.bucket_idx.isra.0
                0x0000000000011ede       0x1c zephyr/libzephyr.a(heap.c.obj)
 .text.free_list_remove_bidx
                0x0000000000011efa       0x5c zephyr/libzephyr.a(heap.c.obj)
 .text.free_list_remove
                0x0000000000011f56       0x2e zephyr/libzephyr.a(heap.c.obj)
 .text.alloc_chunk
                0x0000000000011f84       0x74 zephyr/libzephyr.a(heap.c.obj)
 .text.split_chunks
                0x0000000000011ff8       0x4e zephyr/libzephyr.a(heap.c.obj)
 .text.merge_chunks
                0x0000000000012046       0x3c zephyr/libzephyr.a(heap.c.obj)
 .text.free_list_add
                0x0000000000012082       0x84 zephyr/libzephyr.a(heap.c.obj)
 .text.free_chunk
                0x0000000000012106       0x84 zephyr/libzephyr.a(heap.c.obj)
 .text.sys_heap_free
                0x000000000001218a       0x24 zephyr/libzephyr.a(heap.c.obj)
                0x000000000001218a                sys_heap_free
 .text.sys_heap_alloc
                0x00000000000121ae       0x6e zephyr/libzephyr.a(heap.c.obj)
                0x00000000000121ae                sys_heap_alloc
 .text.sys_heap_aligned_alloc
                0x000000000001221c       0xe8 zephyr/libzephyr.a(heap.c.obj)
                0x000000000001221c                sys_heap_aligned_alloc
 .text.sys_heap_init
                0x0000000000012304       0xb0 zephyr/libzephyr.a(heap.c.obj)
                0x0000000000012304                sys_heap_init
 .text.process_recheck
                0x00000000000123b4       0x38 zephyr/libzephyr.a(onoff.c.obj)
 .text.validate_args
                0x00000000000123ec       0x20 zephyr/libzephyr.a(onoff.c.obj)
 .text.notify_one
                0x000000000001240c       0x2c zephyr/libzephyr.a(onoff.c.obj)
 .text.transition_complete
                0x0000000000012438       0x1c zephyr/libzephyr.a(onoff.c.obj)
 .text.onoff_manager_init
                0x0000000000012454       0x26 zephyr/libzephyr.a(onoff.c.obj)
                0x0000000000012454                onoff_manager_init
 .text.onoff_request
                0x000000000001247a       0xb0 zephyr/libzephyr.a(onoff.c.obj)
                0x000000000001247a                onoff_request
 .text.sys_notify_validate
                0x000000000001252a       0x28 zephyr/libzephyr.a(notify.c.obj)
                0x000000000001252a                sys_notify_validate
 .text.sys_notify_finalize
                0x0000000000012552       0x32 zephyr/libzephyr.a(notify.c.obj)
                0x0000000000012552                sys_notify_finalize
 .text.assert_print
                0x0000000000012584       0x1a zephyr/libzephyr.a(assert.c.obj)
                0x0000000000012584                assert_print
 .text.free_space
                0x000000000001259e       0x26 zephyr/libzephyr.a(mpsc_pbuf.c.obj)
 .text.get_usage
                0x00000000000125c4       0x22 zephyr/libzephyr.a(mpsc_pbuf.c.obj)
 .text.idx_inc  0x00000000000125e6       0x1c zephyr/libzephyr.a(mpsc_pbuf.c.obj)
 .text.rd_idx_inc
                0x0000000000012602       0x18 zephyr/libzephyr.a(mpsc_pbuf.c.obj)
 .text.add_skip_item
                0x000000000001261a       0x3e zephyr/libzephyr.a(mpsc_pbuf.c.obj)
 .text.drop_item_locked
                0x0000000000012658       0xee zephyr/libzephyr.a(mpsc_pbuf.c.obj)
 .text.post_drop_action
                0x0000000000012746       0x36 zephyr/libzephyr.a(mpsc_pbuf.c.obj)
 .text.max_utilization_update
                0x000000000001277c       0x1a zephyr/libzephyr.a(mpsc_pbuf.c.obj)
 .text.mpsc_pbuf_init
                0x0000000000012796       0x42 zephyr/libzephyr.a(mpsc_pbuf.c.obj)
                0x0000000000012796                mpsc_pbuf_init
 .text.mpsc_pbuf_alloc
                0x00000000000127d8       0xfc zephyr/libzephyr.a(mpsc_pbuf.c.obj)
                0x00000000000127d8                mpsc_pbuf_alloc
 .text.mpsc_pbuf_commit
                0x00000000000128d4       0x40 zephyr/libzephyr.a(mpsc_pbuf.c.obj)
                0x00000000000128d4                mpsc_pbuf_commit
 .text.mpsc_pbuf_claim
                0x0000000000012914       0xa4 zephyr/libzephyr.a(mpsc_pbuf.c.obj)
                0x0000000000012914                mpsc_pbuf_claim
 .text.mpsc_pbuf_free
                0x00000000000129b8       0x78 zephyr/libzephyr.a(mpsc_pbuf.c.obj)
                0x00000000000129b8                mpsc_pbuf_free
 .text.mpsc_pbuf_is_pending
                0x0000000000012a30       0x1a zephyr/libzephyr.a(mpsc_pbuf.c.obj)
                0x0000000000012a30                mpsc_pbuf_is_pending
 .text._ConfigAbsSyms
                0x0000000000012a4a        0x2 zephyr/libzephyr.a(configs.c.obj)
                0x0000000000012a4a                _ConfigAbsSyms
 .text.nordicsemi_nrf53_init
                0x0000000000012a4c       0x3e zephyr/libzephyr.a(soc.c.obj)
 .text.soc_secure_gpio_pin_mcu_select
                0x0000000000012a8a        0xe zephyr/libzephyr.a(soc_secure.c.obj)
                0x0000000000012a8a                soc_secure_gpio_pin_mcu_select
 .text.z_log_msg_static_create.constprop.0
                0x0000000000012a98        0x6 zephyr/libzephyr.a(ipc_service.c.obj)
 .text.get_tx_buffer_size
                0x0000000000012a9e        0x8 zephyr/libzephyr.a(ipc_rpmsg_static_vrings.c.obj)
 .text.drop_tx_buffer
                0x0000000000012aa6        0x6 zephyr/libzephyr.a(ipc_rpmsg_static_vrings.c.obj)
 .text.release_rx_buffer
                0x0000000000012aac       0x16 zephyr/libzephyr.a(ipc_rpmsg_static_vrings.c.obj)
 .text.hold_rx_buffer
                0x0000000000012ac2       0x16 zephyr/libzephyr.a(ipc_rpmsg_static_vrings.c.obj)
 .text.send_nocopy
                0x0000000000012ad8       0x3a zephyr/libzephyr.a(ipc_rpmsg_static_vrings.c.obj)
 .text.get_tx_buffer
                0x0000000000012b12       0x7c zephyr/libzephyr.a(ipc_rpmsg_static_vrings.c.obj)
 .text.rpmsg_service_unbind
                0x0000000000012b8e        0x4 zephyr/libzephyr.a(ipc_rpmsg_static_vrings.c.obj)
 .text.get_ept_slot_with_name
                0x0000000000012b92       0x2c zephyr/libzephyr.a(ipc_rpmsg_static_vrings.c.obj)
 .text.mbox_callback
                0x0000000000012bbe        0xc zephyr/libzephyr.a(ipc_rpmsg_static_vrings.c.obj)
 .text.mbox_callback_process
                0x0000000000012bca       0x1a zephyr/libzephyr.a(ipc_rpmsg_static_vrings.c.obj)
 .text.virtio_notify_cb
                0x0000000000012be4       0x14 zephyr/libzephyr.a(ipc_rpmsg_static_vrings.c.obj)
 .text.k_mutex_unlock.isra.0
                0x0000000000012bf8        0x4 zephyr/libzephyr.a(ipc_rpmsg_static_vrings.c.obj)
 .text.atomic_set.isra.0
                0x0000000000012bfc        0xe zephyr/libzephyr.a(ipc_rpmsg_static_vrings.c.obj)
 .text.backend_init
                0x0000000000012c0a       0x22 zephyr/libzephyr.a(ipc_rpmsg_static_vrings.c.obj)
 .text.ns_bind_cb
                0x0000000000012c2c       0x70 zephyr/libzephyr.a(ipc_rpmsg_static_vrings.c.obj)
 .text.shm_size
                0x0000000000012c9c       0x20 zephyr/libzephyr.a(ipc_rpmsg_static_vrings.c.obj)
 .text.close    0x0000000000012cbc       0xb6 zephyr/libzephyr.a(ipc_rpmsg_static_vrings.c.obj)
 .text.ept_cb   0x0000000000012d72       0x2e zephyr/libzephyr.a(ipc_rpmsg_static_vrings.c.obj)
 .text.deregister_ept
                0x0000000000012da0       0x34 zephyr/libzephyr.a(ipc_rpmsg_static_vrings.c.obj)
 .text.rpmsg_service_unbind
                0x0000000000012dd4        0x4 zephyr/libzephyr.a(ipc_rpmsg.c.obj)
 .text.ipc_rpmsg_deinit
                0x0000000000012dd8       0x28 zephyr/libzephyr.a(ipc_rpmsg.c.obj)
                0x0000000000012dd8                ipc_rpmsg_deinit
 .text.ipc_virtio_notify
                0x0000000000012e00       0x10 zephyr/libzephyr.a(ipc_static_vrings.c.obj)
 .text.ipc_virtio_set_features
                0x0000000000012e10        0x2 zephyr/libzephyr.a(ipc_static_vrings.c.obj)
 .text.ipc_virtio_set_status
                0x0000000000012e12        0xc zephyr/libzephyr.a(ipc_static_vrings.c.obj)
 .text.ipc_virtio_get_features
                0x0000000000012e1e        0x4 zephyr/libzephyr.a(ipc_static_vrings.c.obj)
 .text.ipc_virtio_get_status
                0x0000000000012e22       0x14 zephyr/libzephyr.a(ipc_static_vrings.c.obj)
 .text.virtqueue_allocate
                0x0000000000012e36       0x1c zephyr/libzephyr.a(ipc_static_vrings.c.obj)
 .text.ipc_static_vrings_deinit
                0x0000000000012e52       0x60 zephyr/libzephyr.a(ipc_static_vrings.c.obj)
                0x0000000000012e52                ipc_static_vrings_deinit
 .text.log_msg_generic_get_wlen
                0x0000000000012eb2       0x20 zephyr/libzephyr.a(log_core.c.obj)
 .text.dummy_timestamp
                0x0000000000012ed2        0x4 zephyr/libzephyr.a(log_core.c.obj)
 .text.default_get_timestamp
                0x0000000000012ed6        0x4 zephyr/libzephyr.a(log_core.c.obj)
 .text.atomic_inc
                0x0000000000012eda       0x12 zephyr/libzephyr.a(log_core.c.obj)
 .text.z_log_vprintk
                0x0000000000012eec       0x1c zephyr/libzephyr.a(log_core.c.obj)
                0x0000000000012eec                z_log_vprintk
 .text.z_log_notify_drop
                0x0000000000012f08        0x6 zephyr/libzephyr.a(log_core.c.obj)
 .text.z_log_get_tag
                0x0000000000012f0e        0x4 zephyr/libzephyr.a(log_core.c.obj)
                0x0000000000012f0e                z_log_get_tag
 .text.z_cbprintf_cpy
                0x0000000000012f12       0x2c zephyr/libzephyr.a(log_msg.c.obj)
 .text.z_log_msg_finalize
                0x0000000000012f3e       0x32 zephyr/libzephyr.a(log_msg.c.obj)
                0x0000000000012f3e                z_log_msg_finalize
 .text.buffer_write
                0x0000000000012f70       0x1a zephyr/libzephyr.a(log_output.c.obj)
 .text.log_output_flush
                0x0000000000012f8a       0x1a zephyr/libzephyr.a(log_output.c.obj)
                0x0000000000012f8a                log_output_flush
 .text.out_func
                0x0000000000012fa4       0x2e zephyr/libzephyr.a(log_output.c.obj)
 .text.cr_out_func
                0x0000000000012fd2       0x1c zephyr/libzephyr.a(log_output.c.obj)
 .text.log_backend_uart_init
                0x0000000000012fee        0x2 zephyr/libzephyr.a(log_backend_uart.c.obj)
 .text._copy    0x0000000000012ff0       0x1a zephyr/libzephyr.a(utils.c.obj)
                0x0000000000012ff0                _copy
 .text._set     0x000000000001300a        0x4 zephyr/libzephyr.a(utils.c.obj)
                0x000000000001300a                _set
 .text.tc_sha256_update
                0x000000000001300e       0x4c zephyr/libzephyr.a(sha256.c.obj)
                0x000000000001300e                tc_sha256_update
 .text.tc_sha256_final
                0x000000000001305a       0xba zephyr/libzephyr.a(sha256.c.obj)
                0x000000000001305a                tc_sha256_final
 .text.rekey    0x0000000000013114       0x4c zephyr/libzephyr.a(hmac.c.obj)
 .text.tc_hmac_set_key
                0x0000000000013160       0x68 zephyr/libzephyr.a(hmac.c.obj)
                0x0000000000013160                tc_hmac_set_key
 .text.tc_hmac_init
                0x00000000000131c8       0x1a zephyr/libzephyr.a(hmac.c.obj)
                0x00000000000131c8                tc_hmac_init
 .text.tc_hmac_update
                0x00000000000131e2        0xc zephyr/libzephyr.a(hmac.c.obj)
                0x00000000000131e2                tc_hmac_update
 .text.tc_hmac_final
                0x00000000000131ee       0x50 zephyr/libzephyr.a(hmac.c.obj)
                0x00000000000131ee                tc_hmac_final
 .text.update   0x000000000001323e      0x122 zephyr/libzephyr.a(hmac_prng.c.obj)
 .text.tc_hmac_prng_init
                0x0000000000013360       0x40 zephyr/libzephyr.a(hmac_prng.c.obj)
                0x0000000000013360                tc_hmac_prng_init
 .text.tc_hmac_prng_reseed
                0x00000000000133a0       0x32 zephyr/libzephyr.a(hmac_prng.c.obj)
                0x00000000000133a0                tc_hmac_prng_reseed
 .text.tc_hmac_prng_generate
                0x00000000000133d2       0x8e zephyr/libzephyr.a(hmac_prng.c.obj)
                0x00000000000133d2                tc_hmac_prng_generate
 .text.z_do_kernel_oops
                0x0000000000013460        0x8 zephyr/arch/arch/arm/core/aarch32/libarch__arm__core__aarch32.a(fatal.c.obj)
                0x0000000000013460                z_do_kernel_oops
 .text.z_irq_spurious
                0x0000000000013468        0x8 zephyr/arch/arch/arm/core/aarch32/libarch__arm__core__aarch32.a(irq_manage.c.obj)
                0x0000000000013468                z_irq_spurious
 .text.z_arm_nmi
                0x0000000000013470        0xe zephyr/arch/arch/arm/core/aarch32/libarch__arm__core__aarch32.a(nmi.c.obj)
                0x0000000000013470                z_arm_nmi
 .text.configure_builtin_stack_guard
                0x000000000001347e        0x8 zephyr/arch/arch/arm/core/aarch32/libarch__arm__core__aarch32.a(thread.c.obj)
                0x000000000001347e                configure_builtin_stack_guard
 .text.z_log_msg_static_create.constprop.0
                0x0000000000013486        0x6 zephyr/arch/arch/arm/core/aarch32/cortex_m/libarch__arm__core__aarch32__cortex_m.a(fault.c.obj)
 .text.z_arm_save_fp_context
                0x000000000001348c        0x2 zephyr/arch/arch/arm/core/aarch32/cortex_m/libarch__arm__core__aarch32__cortex_m.a(fpu.c.obj)
                0x000000000001348c                z_arm_save_fp_context
 .text.z_arm_restore_fp_context
                0x000000000001348e        0x2 zephyr/arch/arch/arm/core/aarch32/cortex_m/libarch__arm__core__aarch32__cortex_m.a(fpu.c.obj)
                0x000000000001348e                z_arm_restore_fp_context
 .text.arm_cmse_mpu_region_get
                0x0000000000013490       0x12 zephyr/arch/arch/arm/core/aarch32/cortex_m/cmse/libarch__arm__core__aarch32__cortex_m__cmse.a(arm_core_cmse.c.obj)
                0x0000000000013490                arm_cmse_mpu_region_get
 .text.mpu_configure_region
                0x00000000000134a2       0x40 zephyr/arch/arch/arm/core/aarch32/mpu/libarch__arm__core__aarch32__mpu.a(arm_mpu.c.obj)
 .text.cbputc   0x00000000000134e2        0xc zephyr/lib/libc/picolibc/liblib__libc__picolibc.a(libc-hooks.c.obj)
 .text.picolibc_put
                0x00000000000134ee        0xa zephyr/lib/libc/picolibc/liblib__libc__picolibc.a(libc-hooks.c.obj)
 .text.bt_addr_le_create_static
                0x00000000000134f8       0x1c zephyr/subsys/bluetooth/host/libsubsys__bluetooth__host.a(addr.c.obj)
                0x00000000000134f8                bt_addr_le_create_static
 .text.hci_vendor_event
                0x0000000000013514        0x2 zephyr/subsys/bluetooth/host/libsubsys__bluetooth__host.a(hci_core.c.obj)
 .text.z_log_msg_static_create.constprop.0
                0x0000000000013516        0x6 zephyr/subsys/bluetooth/host/libsubsys__bluetooth__host.a(hci_core.c.obj)
 .text.bt_addr_le_eq
                0x000000000001351c       0x10 zephyr/subsys/bluetooth/host/libsubsys__bluetooth__host.a(id.c.obj)
 .text.bt_addr_copy
                0x000000000001352c        0xa zephyr/subsys/bluetooth/host/libsubsys__bluetooth__host.a(id.c.obj)
 .text.bt_addr_le_copy
                0x0000000000013536        0xe zephyr/subsys/bluetooth/host/libsubsys__bluetooth__host.a(id.c.obj)
 .text.z_log_msg_static_create.constprop.0
                0x0000000000013544        0x6 zephyr/subsys/bluetooth/host/libsubsys__bluetooth__host.a(id.c.obj)
 .text.bt_id_set_adv_random_addr
                0x000000000001354a       0x10 zephyr/subsys/bluetooth/host/libsubsys__bluetooth__host.a(id.c.obj)
                0x000000000001354a                bt_id_set_adv_random_addr
 .text.bt_id_set_adv_private_addr
                0x000000000001355a       0x2e zephyr/subsys/bluetooth/host/libsubsys__bluetooth__host.a(id.c.obj)
                0x000000000001355a                bt_id_set_adv_private_addr
 .text.bt_id_adv_random_addr_check
                0x0000000000013588        0x8 zephyr/subsys/bluetooth/host/libsubsys__bluetooth__host.a(id.c.obj)
                0x0000000000013588                bt_id_adv_random_addr_check
 .text.get_adv_channel_map
                0x0000000000013590       0x1e zephyr/subsys/bluetooth/host/libsubsys__bluetooth__host.a(adv.c.obj)
 .text.atomic_get
                0x00000000000135ae        0x6 zephyr/subsys/bluetooth/host/libsubsys__bluetooth__host.a(adv.c.obj)
 .text.atomic_and
                0x00000000000135b4       0x16 zephyr/subsys/bluetooth/host/libsubsys__bluetooth__host.a(adv.c.obj)
 .text.bt_addr_le_copy
                0x00000000000135ca        0xe zephyr/subsys/bluetooth/host/libsubsys__bluetooth__host.a(adv.c.obj)
 .text.atomic_set_bit_to
                0x00000000000135d8       0x26 zephyr/subsys/bluetooth/host/libsubsys__bluetooth__host.a(adv.c.obj)
 .text.le_adv_update.constprop.0
                0x00000000000135fe       0xe4 zephyr/subsys/bluetooth/host/libsubsys__bluetooth__host.a(adv.c.obj)
 .text.get_adv_name_type
                0x00000000000136e2       0x20 zephyr/subsys/bluetooth/host/libsubsys__bluetooth__host.a(adv.c.obj)
                0x00000000000136e2                get_adv_name_type
 .text.get_adv_name_type_param
                0x0000000000013702       0x20 zephyr/subsys/bluetooth/host/libsubsys__bluetooth__host.a(adv.c.obj)
                0x0000000000013702                get_adv_name_type_param
 .text.bt_le_adv_set_enable_legacy
                0x0000000000013722       0x4a zephyr/subsys/bluetooth/host/libsubsys__bluetooth__host.a(adv.c.obj)
                0x0000000000013722                bt_le_adv_set_enable_legacy
 .text.bt_le_lim_adv_cancel_timeout
                0x000000000001376c        0x6 zephyr/subsys/bluetooth/host/libsubsys__bluetooth__host.a(adv.c.obj)
                0x000000000001376c                bt_le_lim_adv_cancel_timeout
 .text.fixed_data_unref
                0x0000000000013772        0x2 zephyr/subsys/net/libsubsys__net.a(buf.c.obj)
 .text.net_buf_alloc_fixed
                0x0000000000013774        0xa zephyr/subsys/net/libsubsys__net.a(buf.c.obj)
                0x0000000000013774                net_buf_alloc_fixed
 .text.net_buf_get
                0x000000000001377e        0x4 zephyr/subsys/net/libsubsys__net.a(buf.c.obj)
                0x000000000001377e                net_buf_get
 .text.net_buf_slist_put
                0x0000000000013782       0x2c zephyr/subsys/net/libsubsys__net.a(buf.c.obj)
                0x0000000000013782                net_buf_slist_put
 .text.net_buf_slist_get
                0x00000000000137ae       0x2e zephyr/subsys/net/libsubsys__net.a(buf.c.obj)
                0x00000000000137ae                net_buf_slist_get
 .text.net_buf_put
                0x00000000000137dc        0x4 zephyr/subsys/net/libsubsys__net.a(buf.c.obj)
                0x00000000000137dc                net_buf_put
 .text.net_buf_ref
                0x00000000000137e0        0x8 zephyr/subsys/net/libsubsys__net.a(buf.c.obj)
                0x00000000000137e0                net_buf_ref
 .text.net_buf_simple_reserve
                0x00000000000137e8        0x8 zephyr/subsys/net/libsubsys__net.a(buf_simple.c.obj)
                0x00000000000137e8                net_buf_simple_reserve
 .text.net_buf_simple_add
                0x00000000000137f0        0xc zephyr/subsys/net/libsubsys__net.a(buf_simple.c.obj)
                0x00000000000137f0                net_buf_simple_add
 .text.net_buf_simple_add_mem
                0x00000000000137fc       0x12 zephyr/subsys/net/libsubsys__net.a(buf_simple.c.obj)
                0x00000000000137fc                net_buf_simple_add_mem
 .text.net_buf_simple_add_u8
                0x000000000001380e       0x10 zephyr/subsys/net/libsubsys__net.a(buf_simple.c.obj)
                0x000000000001380e                net_buf_simple_add_u8
 .text.net_buf_simple_push_u8
                0x000000000001381e       0x12 zephyr/subsys/net/libsubsys__net.a(buf_simple.c.obj)
                0x000000000001381e                net_buf_simple_push_u8
 .text.net_buf_simple_pull_mem
                0x0000000000013830       0x10 zephyr/subsys/net/libsubsys__net.a(buf_simple.c.obj)
                0x0000000000013830                net_buf_simple_pull_mem
 .text.net_buf_simple_headroom
                0x0000000000013840        0x8 zephyr/subsys/net/libsubsys__net.a(buf_simple.c.obj)
                0x0000000000013840                net_buf_simple_headroom
 .text.net_buf_simple_tailroom
                0x0000000000013848       0x10 zephyr/subsys/net/libsubsys__net.a(buf_simple.c.obj)
                0x0000000000013848                net_buf_simple_tailroom
 .text.z_log_msg_static_create.constprop.0
                0x0000000000013858        0x6 zephyr/drivers/bluetooth/libdrivers__bluetooth.a(rpmsg.c.obj)
 .text.get_status
                0x000000000001385e       0x12 zephyr/drivers/clock_control/libdrivers__clock_control.a(clock_control_nrf.c.obj)
 .text.set_on_state
                0x0000000000013870       0x26 zephyr/drivers/clock_control/libdrivers__clock_control.a(clock_control_nrf.c.obj)
 .text.stop     0x0000000000013896       0x52 zephyr/drivers/clock_control/libdrivers__clock_control.a(clock_control_nrf.c.obj)
 .text.api_stop
                0x00000000000138e8        0x6 zephyr/drivers/clock_control/libdrivers__clock_control.a(clock_control_nrf.c.obj)
 .text.async_start
                0x00000000000138ee       0x5c zephyr/drivers/clock_control/libdrivers__clock_control.a(clock_control_nrf.c.obj)
 .text.api_start
                0x000000000001394a        0xe zephyr/drivers/clock_control/libdrivers__clock_control.a(clock_control_nrf.c.obj)
 .text.onoff_started_callback
                0x0000000000013958       0x12 zephyr/drivers/clock_control/libdrivers__clock_control.a(clock_control_nrf.c.obj)
 .text.hfclkaudio_start
                0x000000000001396a        0x6 zephyr/drivers/clock_control/libdrivers__clock_control.a(clock_control_nrf.c.obj)
 .text.hfclk192m_start
                0x0000000000013970        0x6 zephyr/drivers/clock_control/libdrivers__clock_control.a(clock_control_nrf.c.obj)
 .text.lfclk_start
                0x0000000000013976        0x6 zephyr/drivers/clock_control/libdrivers__clock_control.a(clock_control_nrf.c.obj)
 .text.hfclkaudio_stop
                0x000000000001397c        0x6 zephyr/drivers/clock_control/libdrivers__clock_control.a(clock_control_nrf.c.obj)
 .text.hfclk192m_stop
                0x0000000000013982        0x6 zephyr/drivers/clock_control/libdrivers__clock_control.a(clock_control_nrf.c.obj)
 .text.lfclk_stop
                0x0000000000013988        0x6 zephyr/drivers/clock_control/libdrivers__clock_control.a(clock_control_nrf.c.obj)
 .text.blocking_start_callback
                0x000000000001398e        0x6 zephyr/drivers/clock_control/libdrivers__clock_control.a(clock_control_nrf.c.obj)
 .text.entropy_bt_init
                0x0000000000013994        0x4 zephyr/drivers/entropy/libdrivers__entropy.a(entropy_bt_hci.c.obj)
 .text.entropy_bt_get_entropy
                0x0000000000013998       0x1e zephyr/drivers/entropy/libdrivers__entropy.a(entropy_bt_hci.c.obj)
 .text.entropy_psa_crypto_rng_get_entropy
                0x00000000000139b6       0x14 zephyr/drivers/entropy/libdrivers__entropy.a(entropy_psa_crypto.c.obj)
 .text.entropy_psa_crypto_rng_init
                0x00000000000139ca       0x10 zephyr/drivers/entropy/libdrivers__entropy.a(entropy_psa_crypto.c.obj)
 .text.gpio_nrfx_port_get_raw
                0x00000000000139da        0xc zephyr/drivers/gpio/libdrivers__gpio.a(gpio_nrfx.c.obj)
 .text.gpio_nrfx_port_set_masked_raw
                0x00000000000139e6       0x14 zephyr/drivers/gpio/libdrivers__gpio.a(gpio_nrfx.c.obj)
 .text.gpio_nrfx_port_set_bits_raw
                0x00000000000139fa        0xa zephyr/drivers/gpio/libdrivers__gpio.a(gpio_nrfx.c.obj)
 .text.gpio_nrfx_port_clear_bits_raw
                0x0000000000013a04        0xa zephyr/drivers/gpio/libdrivers__gpio.a(gpio_nrfx.c.obj)
 .text.gpio_nrfx_port_toggle_bits
                0x0000000000013a0e       0x14 zephyr/drivers/gpio/libdrivers__gpio.a(gpio_nrfx.c.obj)
 .text.gpio_nrfx_manage_callback
                0x0000000000013a22       0x52 zephyr/drivers/gpio/libdrivers__gpio.a(gpio_nrfx.c.obj)
 .text.mbox_nrf_register_callback
                0x0000000000013a74       0x1c zephyr/drivers/mbox/libdrivers__mbox.a(mbox_nrfx_ipc.c.obj)
 .text.mbox_nrf_mtu_get
                0x0000000000013a90        0x4 zephyr/drivers/mbox/libdrivers__mbox.a(mbox_nrfx_ipc.c.obj)
 .text.mbox_nrf_max_channels_get
                0x0000000000013a94        0x4 zephyr/drivers/mbox/libdrivers__mbox.a(mbox_nrfx_ipc.c.obj)
 .text.pinctrl_lookup_state
                0x0000000000013a98       0x26 zephyr/drivers/pinctrl/libdrivers__pinctrl.a(common.c.obj)
                0x0000000000013a98                pinctrl_lookup_state
 .text.uarte_nrfx_config_get
                0x0000000000013abe       0x10 zephyr/drivers/serial/libdrivers__serial.a(uart_nrfx_uarte.c.obj)